
The following have been reloaded with a version change:
  1) XZ/5.4.2-GCCcore-12.3.0 => XZ/5.4.4-GCCcore-13.2.0
  2) bzip2/1.0.8-GCCcore-12.3.0 => bzip2/1.0.8-GCCcore-13.2.0

Starting GS2...
Starting GS2 run in directory: beta_0.01800 with beta = 0.01800
 Created by GS2 at 2026-04-21T14:00:00.870Z+01:00
 GS2 version: 8.2.1
 Run UUID: 6E78006D-2327-4877-9718-264316715A4D
 GK_SYSTEM: viking
 Compiler: gfortran
 Build tag: None

Running on 4 processors 


 Initialization             28.326 min   57.7 %
(field matrix invert         7.047 min   14.3 %)
(field matrix invert mpi     0.021 min    0.0 %)
(field matrix dump           0.000 min    0.0 %)
(field matrix read           0.000 min    0.0 %)
 Advance steps              20.786 min   42.3 %
(field solve                 4.661 min    9.5 %)
(field solve mpi             0.211 min    0.4 %)
(collisions                 19.671 min   40.0 %)
(collisions mpi              0.760 min    1.5 %)
(explicit/nl                 0.000 min    0.0 %)
(explicit/nl mpi             0.000 min    0.0 %)
(explicit/nl fft             0.000 min    0.0 %)
(explicit/nl fields          0.000 min    0.0 %)
(diagnostics                 0.002 min    0.0 %)
 Re-initialize               0.000 min    0.0 %
 Redistribute                5.105 min   10.4 %
(redistribute mpi            0.760 min    1.5 %)
(redistribute copy           4.345 min    8.8 %)
 Finishing                   0.002 min    0.0 %
 MPI                         1.492 min    3.0 %
(Overheads                   0.000 min    0.0 %)
(Collectives                 0.732 min    1.5 %)
(PTP                         0.004 min    0.0 %)
(Sync                        0.756 min    1.5 %)
 total from timer is:    49.12 min

Run finished at 2026-04-21T14:49:08.278Z+01:00
Run complete. Outputs saved in beta_0.01800/

============================
 Job utilisation efficiency
============================

Job ID: 33200147
Cluster: viking2.yor.alces.network
User/Group: qcd511/clusterusers
State: COMPLETED (exit code 0)
Nodes: 1
Cores per node: 4
CPU Utilized: 03:15:31
CPU Efficiency: 97.08% of 03:21:24 core-walltime
Job Wall-clock time: 00:50:21
Memory Utilized: 8.89 GB
Memory Efficiency: 6.94% of 128.00 GB
 Requested wall clock time: 1-00:00:00
    Actual wall clock time: 00:50:21
Wall clock time efficiency: 3.5%
           Job queued time: 00:34:12
