
The following have been reloaded with a version change:
  1) XZ/5.4.2-GCCcore-12.3.0 => XZ/5.4.4-GCCcore-13.2.0
  2) bzip2/1.0.8-GCCcore-12.3.0 => bzip2/1.0.8-GCCcore-13.2.0

Starting GS2...
Starting GS2 run in directory: beta_0.01400 with beta = 0.01400
 Created by GS2 at 2026-04-21T14:08:17.942Z+01:00
 GS2 version: 8.2.1
 Run UUID: 185B642F-4800-4537-9130-483C6C20554B
 GK_SYSTEM: viking
 Compiler: gfortran
 Build tag: None

Running on 4 processors 


 Initialization             22.528 min   57.8 %
(field matrix invert         5.468 min   14.0 %)
(field matrix invert mpi     0.027 min    0.1 %)
(field matrix dump           0.000 min    0.0 %)
(field matrix read           0.000 min    0.0 %)
 Advance steps              16.435 min   42.2 %
(field solve                 3.857 min    9.9 %)
(field solve mpi             1.011 min    2.6 %)
(collisions                 15.917 min   40.8 %)
(collisions mpi              1.801 min    4.6 %)
(explicit/nl                 0.000 min    0.0 %)
(explicit/nl mpi             0.000 min    0.0 %)
(explicit/nl fft             0.000 min    0.0 %)
(explicit/nl fields          0.000 min    0.0 %)
(diagnostics                 0.002 min    0.0 %)
 Re-initialize               0.000 min    0.0 %
 Redistribute                4.882 min   12.5 %
(redistribute mpi            1.801 min    4.6 %)
(redistribute copy           3.080 min    7.9 %)
 Finishing                   0.001 min    0.0 %
 MPI                         3.406 min    8.7 %
(Overheads                   0.000 min    0.0 %)
(Collectives                 1.605 min    4.1 %)
(PTP                         0.004 min    0.0 %)
(Sync                        1.797 min    4.6 %)
 total from timer is:    38.97 min

Run finished at 2026-04-21T14:47:16.401Z+01:00
Run complete. Outputs saved in beta_0.01400/

============================
 Job utilisation efficiency
============================

Job ID: 33200167
Cluster: viking2.yor.alces.network
User/Group: qcd511/clusterusers
State: COMPLETED (exit code 0)
Nodes: 1
Cores per node: 4
CPU Utilized: 02:35:12
CPU Efficiency: 98.64% of 02:37:20 core-walltime
Job Wall-clock time: 00:39:20
Memory Utilized: 8.85 GB
Memory Efficiency: 6.92% of 128.00 GB
 Requested wall clock time: 1-00:00:00
    Actual wall clock time: 00:39:20
Wall clock time efficiency: 2.7%
           Job queued time: 00:42:50
