
The following have been reloaded with a version change:
  1) XZ/5.4.2-GCCcore-12.3.0 => XZ/5.4.4-GCCcore-13.2.0
  2) bzip2/1.0.8-GCCcore-12.3.0 => bzip2/1.0.8-GCCcore-13.2.0

Starting GS2...
Starting GS2 run in directory: beta_0.01400 with beta = 0.01400
 Created by GS2 at 2026-04-21T14:00:08.379Z+01:00
 GS2 version: 8.2.1
 Run UUID: 5D757532-4C7D-4677-994A-2B767D422F05
 GK_SYSTEM: viking
 Compiler: gfortran
 Build tag: None

Running on 4 processors 


 Initialization             29.057 min   55.9 %
(field matrix invert         5.736 min   11.0 %)
(field matrix invert mpi     0.029 min    0.1 %)
(field matrix dump           0.000 min    0.0 %)
(field matrix read           0.000 min    0.0 %)
 Advance steps              22.901 min   44.1 %
(field solve                 5.435 min   10.5 %)
(field solve mpi             0.110 min    0.2 %)
(collisions                 23.192 min   44.6 %)
(collisions mpi              1.007 min    1.9 %)
(explicit/nl                 0.000 min    0.0 %)
(explicit/nl mpi             0.000 min    0.0 %)
(explicit/nl fft             0.000 min    0.0 %)
(explicit/nl fields          0.000 min    0.0 %)
(diagnostics                 0.002 min    0.0 %)
 Re-initialize               0.000 min    0.0 %
 Redistribute                6.042 min   11.6 %
(redistribute mpi            1.008 min    1.9 %)
(redistribute copy           5.034 min    9.7 %)
 Finishing                   0.001 min    0.0 %
 MPI                         1.412 min    2.7 %
(Overheads                   0.000 min    0.0 %)
(Collectives                 0.404 min    0.8 %)
(PTP                         0.004 min    0.0 %)
(Sync                        1.004 min    1.9 %)
 total from timer is:    51.97 min

Run finished at 2026-04-21T14:52:06.537Z+01:00
Run complete. Outputs saved in beta_0.01400/

============================
 Job utilisation efficiency
============================

Job ID: 33200151
Cluster: viking2.yor.alces.network
User/Group: qcd511/clusterusers
State: COMPLETED (exit code 0)
Nodes: 1
Cores per node: 4
CPU Utilized: 03:26:49
CPU Efficiency: 96.98% of 03:33:16 core-walltime
Job Wall-clock time: 00:53:19
Memory Utilized: 8.85 GB
Memory Efficiency: 6.92% of 128.00 GB
 Requested wall clock time: 1-00:00:00
    Actual wall clock time: 00:53:19
Wall clock time efficiency: 3.7%
           Job queued time: 00:34:04
