
The following have been reloaded with a version change:
  1) XZ/5.4.2-GCCcore-12.3.0 => XZ/5.4.4-GCCcore-13.2.0
  2) bzip2/1.0.8-GCCcore-12.3.0 => bzip2/1.0.8-GCCcore-13.2.0

Starting GS2...
Starting GS2 run in directory: beta_0.01800 with beta = 0.01800
 Created by GS2 at 2026-04-21T14:47:22.071Z+01:00
 GS2 version: 8.2.1
 Run UUID: 4271404B-5E60-4879-AB53-635C143E5C1C
 GK_SYSTEM: viking
 Compiler: gfortran
 Build tag: None

Running on 4 processors 


 Initialization             22.634 min   58.1 %
(field matrix invert         5.527 min   14.2 %)
(field matrix invert mpi     0.026 min    0.1 %)
(field matrix dump           0.000 min    0.0 %)
(field matrix read           0.000 min    0.0 %)
 Advance steps              16.331 min   41.9 %
(field solve                 3.758 min    9.6 %)
(field solve mpi             0.247 min    0.6 %)
(collisions                 15.705 min   40.3 %)
(collisions mpi              0.672 min    1.7 %)
(explicit/nl                 0.000 min    0.0 %)
(explicit/nl mpi             0.000 min    0.0 %)
(explicit/nl fft             0.000 min    0.0 %)
(explicit/nl fields          0.000 min    0.0 %)
(diagnostics                 0.002 min    0.0 %)
 Re-initialize               0.000 min    0.0 %
 Redistribute                3.997 min   10.3 %
(redistribute mpi            0.673 min    1.7 %)
(redistribute copy           3.324 min    8.5 %)
 Finishing                   0.001 min    0.0 %
 MPI                         1.478 min    3.8 %
(Overheads                   0.000 min    0.0 %)
(Collectives                 0.806 min    2.1 %)
(PTP                         0.003 min    0.0 %)
(Sync                        0.669 min    1.7 %)
 total from timer is:    38.97 min

Run finished at 2026-04-21T15:26:20.272Z+01:00
Run complete. Outputs saved in beta_0.01800/

============================
 Job utilisation efficiency
============================

Job ID: 33200169
Cluster: viking2.yor.alces.network
User/Group: qcd511/clusterusers
State: COMPLETED (exit code 0)
Nodes: 1
Cores per node: 4
CPU Utilized: 02:35:13
CPU Efficiency: 99.37% of 02:36:12 core-walltime
Job Wall-clock time: 00:39:03
Memory Utilized: 8.85 GB
Memory Efficiency: 6.92% of 128.00 GB
 Requested wall clock time: 1-00:00:00
    Actual wall clock time: 00:39:03
Wall clock time efficiency: 2.7%
           Job queued time: 01:22:11
