
The following have been reloaded with a version change:
  1) XZ/5.4.2-GCCcore-12.3.0 => XZ/5.4.4-GCCcore-13.2.0
  2) bzip2/1.0.8-GCCcore-12.3.0 => bzip2/1.0.8-GCCcore-13.2.0

Starting GS2...
Starting GS2 run in directory: beta_0.01600 with beta = 0.01600
 Created by GS2 at 2026-04-21T14:37:04.754Z+01:00
 GS2 version: 8.2.1
 Run UUID: 5659263F-7342-4301-A766-77177673217E
 GK_SYSTEM: viking
 Compiler: gfortran
 Build tag: None

Running on 4 processors 


 Initialization             23.976 min   57.6 %
(field matrix invert         5.498 min   13.2 %)
(field matrix invert mpi     0.020 min    0.0 %)
(field matrix dump           0.000 min    0.0 %)
(field matrix read           0.000 min    0.0 %)
 Advance steps              17.613 min   42.3 %
(field solve                 4.097 min    9.8 %)
(field solve mpi             0.220 min    0.5 %)
(collisions                 17.528 min   42.1 %)
(collisions mpi              0.803 min    1.9 %)
(explicit/nl                 0.000 min    0.0 %)
(explicit/nl mpi             0.000 min    0.0 %)
(explicit/nl fft             0.000 min    0.0 %)
(explicit/nl fields          0.000 min    0.0 %)
(diagnostics                 0.002 min    0.0 %)
 Re-initialize               0.000 min    0.0 %
 Redistribute                4.780 min   11.5 %
(redistribute mpi            0.803 min    1.9 %)
(redistribute copy           3.977 min    9.6 %)
 Finishing                   0.001 min    0.0 %
 MPI                         1.371 min    3.3 %
(Overheads                   0.000 min    0.0 %)
(Collectives                 0.568 min    1.4 %)
(PTP                         0.004 min    0.0 %)
(Sync                        0.799 min    1.9 %)
 total from timer is:    41.60 min

Run finished at 2026-04-21T15:18:40.782Z+01:00
Run complete. Outputs saved in beta_0.01600/

============================
 Job utilisation efficiency
============================

Job ID: 33200168
Cluster: viking2.yor.alces.network
User/Group: qcd511/clusterusers
State: COMPLETED (exit code 0)
Nodes: 1
Cores per node: 4
CPU Utilized: 02:45:43
CPU Efficiency: 97.10% of 02:50:40 core-walltime
Job Wall-clock time: 00:42:40
Memory Utilized: 8.85 GB
Memory Efficiency: 6.92% of 128.00 GB
 Requested wall clock time: 1-00:00:00
    Actual wall clock time: 00:42:40
Wall clock time efficiency: 3.0%
           Job queued time: 01:10:54
