
The following have been reloaded with a version change:
  1) XZ/5.4.2-GCCcore-12.3.0 => XZ/5.4.4-GCCcore-13.2.0
  2) bzip2/1.0.8-GCCcore-12.3.0 => bzip2/1.0.8-GCCcore-13.2.0

Starting GS2...
Starting GS2 run in directory: beta_0.01800 with beta = 0.01800
 Created by GS2 at 2026-04-21T13:23:52.617Z+01:00
 GS2 version: 8.2.1
 Run UUID: 1C292623-2F4C-403D-8738-7035174B295C
 GK_SYSTEM: viking
 Compiler: gfortran
 Build tag: None

Running on 4 processors 


 Initialization             21.906 min   58.2 %
(field matrix invert         5.582 min   14.8 %)
(field matrix invert mpi     0.022 min    0.1 %)
(field matrix dump           0.000 min    0.0 %)
(field matrix read           0.000 min    0.0 %)
 Advance steps              15.741 min   41.8 %
(field solve                 3.493 min    9.3 %)
(field solve mpi             2.208 min    5.9 %)
(collisions                 15.336 min   40.7 %)
(collisions mpi              6.230 min   16.5 %)
(explicit/nl                 0.000 min    0.0 %)
(explicit/nl mpi             0.000 min    0.0 %)
(explicit/nl fft             0.000 min    0.0 %)
(explicit/nl fields          0.000 min    0.0 %)
(diagnostics                 0.002 min    0.0 %)
 Re-initialize               0.000 min    0.0 %
 Redistribute                7.894 min   21.0 %
(redistribute mpi            6.231 min   16.5 %)
(redistribute copy           1.663 min    4.4 %)
 Finishing                   0.001 min    0.0 %
 MPI                        10.389 min   27.6 %
(Overheads                   0.000 min    0.0 %)
(Collectives                 4.158 min   11.0 %)
(PTP                         0.003 min    0.0 %)
(Sync                        6.228 min   16.5 %)
 total from timer is:    37.65 min

Run finished at 2026-04-21T14:01:31.742Z+01:00
Run complete. Outputs saved in beta_0.01800/

============================
 Job utilisation efficiency
============================

Job ID: 33200119
Cluster: viking2.yor.alces.network
User/Group: qcd511/clusterusers
State: COMPLETED (exit code 0)
Nodes: 1
Cores per node: 4
CPU Utilized: 02:29:54
CPU Efficiency: 99.40% of 02:30:48 core-walltime
Job Wall-clock time: 00:37:42
Memory Utilized: 8.85 GB
Memory Efficiency: 6.92% of 128.00 GB
 Requested wall clock time: 1-00:00:00
    Actual wall clock time: 00:37:42
Wall clock time efficiency: 2.6%
           Job queued time: 00:00:07
