
The following have been reloaded with a version change:
  1) XZ/5.4.2-GCCcore-12.3.0 => XZ/5.4.4-GCCcore-13.2.0
  2) bzip2/1.0.8-GCCcore-12.3.0 => bzip2/1.0.8-GCCcore-13.2.0

Starting GS2...
Starting GS2 run in directory: beta_0.01600 with beta = 0.01600
 Created by GS2 at 2026-04-21T13:58:51.287Z+01:00
 GS2 version: 8.2.1
 Run UUID: 53395844-7178-406A-A351-3A5545416157
 GK_SYSTEM: viking
 Compiler: gfortran
 Build tag: None

Running on 4 processors 


 Initialization             18.862 min   60.7 %
(field matrix invert         5.493 min   17.7 %)
(field matrix invert mpi     0.014 min    0.0 %)
(field matrix dump           0.000 min    0.0 %)
(field matrix read           0.000 min    0.0 %)
 Advance steps              12.213 min   39.3 %
(field solve                 2.111 min    6.8 %)
(field solve mpi             0.604 min    1.9 %)
(collisions                 11.148 min   35.9 %)
(collisions mpi              1.185 min    3.8 %)
(explicit/nl                 0.000 min    0.0 %)
(explicit/nl mpi             0.000 min    0.0 %)
(explicit/nl fft             0.000 min    0.0 %)
(explicit/nl fields          0.000 min    0.0 %)
(diagnostics                 0.001 min    0.0 %)
 Re-initialize               0.000 min    0.0 %
 Redistribute                3.132 min   10.1 %
(redistribute mpi            1.185 min    3.8 %)
(redistribute copy           1.947 min    6.3 %)
 Finishing                   0.001 min    0.0 %
 MPI                         2.549 min    8.2 %
(Overheads                   0.000 min    0.0 %)
(Collectives                 1.364 min    4.4 %)
(PTP                         0.003 min    0.0 %)
(Sync                        1.182 min    3.8 %)
 total from timer is:    31.08 min

Run finished at 2026-04-21T14:29:56.072Z+01:00
Run complete. Outputs saved in beta_0.01600/

============================
 Job utilisation efficiency
============================

Job ID: 33200146
Cluster: viking2.yor.alces.network
User/Group: qcd511/clusterusers
State: COMPLETED (exit code 0)
Nodes: 1
Cores per node: 4
CPU Utilized: 02:03:53
CPU Efficiency: 99.42% of 02:04:36 core-walltime
Job Wall-clock time: 00:31:09
Memory Utilized: 8.85 GB
Memory Efficiency: 6.92% of 128.00 GB
 Requested wall clock time: 1-00:00:00
    Actual wall clock time: 00:31:09
Wall clock time efficiency: 2.2%
           Job queued time: 00:34:12
