
The following have been reloaded with a version change:
  1) XZ/5.4.2-GCCcore-12.3.0 => XZ/5.4.4-GCCcore-13.2.0
  2) bzip2/1.0.8-GCCcore-12.3.0 => bzip2/1.0.8-GCCcore-13.2.0

Starting GS2...
Starting GS2 run in directory: beta_0.02000 with beta = 0.02000
 Created by GS2 at 2026-04-21T13:24:15.368Z+01:00
 GS2 version: 8.2.1
 Run UUID: 10102D2C-297C-4F38-AF64-787A1A08732E
 GK_SYSTEM: viking
 Compiler: gfortran
 Build tag: None

Running on 4 processors 


 Initialization             18.754 min   59.6 %
(field matrix invert         5.496 min   17.5 %)
(field matrix invert mpi     0.014 min    0.0 %)
(field matrix dump           0.000 min    0.0 %)
(field matrix read           0.000 min    0.0 %)
 Advance steps              12.707 min   40.4 %
(field solve                 2.346 min    7.5 %)
(field solve mpi             0.475 min    1.5 %)
(collisions                 11.342 min   36.0 %)
(collisions mpi              0.950 min    3.0 %)
(explicit/nl                 0.000 min    0.0 %)
(explicit/nl mpi             0.000 min    0.0 %)
(explicit/nl fft             0.000 min    0.0 %)
(explicit/nl fields          0.000 min    0.0 %)
(diagnostics                 0.001 min    0.0 %)
 Re-initialize               0.000 min    0.0 %
 Redistribute                3.235 min   10.3 %
(redistribute mpi            0.951 min    3.0 %)
(redistribute copy           2.284 min    7.3 %)
 Finishing                   0.001 min    0.0 %
 MPI                         1.847 min    5.9 %
(Overheads                   0.000 min    0.0 %)
(Collectives                 0.896 min    2.8 %)
(PTP                         0.003 min    0.0 %)
(Sync                        0.948 min    3.0 %)
 total from timer is:    31.47 min

Run finished at 2026-04-21T13:55:43.453Z+01:00
Run complete. Outputs saved in beta_0.02000/

============================
 Job utilisation efficiency
============================

Job ID: 33200120
Cluster: viking2.yor.alces.network
User/Group: qcd511/clusterusers
State: COMPLETED (exit code 0)
Nodes: 1
Cores per node: 4
CPU Utilized: 02:05:19
CPU Efficiency: 98.21% of 02:07:36 core-walltime
Job Wall-clock time: 00:31:54
Memory Utilized: 8.85 GB
Memory Efficiency: 6.92% of 128.00 GB
 Requested wall clock time: 1-00:00:00
    Actual wall clock time: 00:31:54
Wall clock time efficiency: 2.2%
           Job queued time: 00:00:07
