
The following have been reloaded with a version change:
  1) XZ/5.4.2-GCCcore-12.3.0 => XZ/5.4.4-GCCcore-13.2.0
  2) bzip2/1.0.8-GCCcore-12.3.0 => bzip2/1.0.8-GCCcore-13.2.0

Starting GS2...
Starting GS2 run in directory: beta_0.01800 with beta = 0.01800
 Created by GS2 at 2026-04-21T10:33:48.299Z+01:00
 GS2 version: 8.2.1
 Run UUID: 4B5C0D53-4262-4F0D-8939-5F0F5C1A4933
 GK_SYSTEM: viking
 Compiler: gfortran
 Build tag: None

Running on 2 processors 


 Initialization             47.333 min   53.3 %
(field matrix invert         5.793 min    6.5 %)
(field matrix invert mpi     0.023 min    0.0 %)
(field matrix dump           0.000 min    0.0 %)
(field matrix read           0.000 min    0.0 %)
 Advance steps              41.414 min   46.7 %
(field solve                 9.088 min   10.2 %)
(field solve mpi             0.613 min    0.7 %)
(collisions                 42.814 min   48.2 %)
(collisions mpi              0.000 min    0.0 %)
(explicit/nl                 0.000 min    0.0 %)
(explicit/nl mpi             0.000 min    0.0 %)
(explicit/nl fft             0.000 min    0.0 %)
(explicit/nl fields          0.000 min    0.0 %)
(diagnostics                 0.004 min    0.0 %)
 Re-initialize               0.000 min    0.0 %
 Redistribute               11.261 min   12.7 %
(redistribute mpi            0.000 min    0.0 %)
(redistribute copy          11.261 min   12.7 %)
 Finishing                   0.001 min    0.0 %
 MPI                         1.541 min    1.7 %
(Overheads                   0.000 min    0.0 %)
(Collectives                 1.541 min    1.7 %)
(PTP                         0.000 min    0.0 %)
(Sync                        0.000 min    0.0 %)
 total from timer is:    88.76 min

Run finished at 2026-04-21T12:02:33.679Z+01:00
Run complete. Outputs saved in beta_0.01800/

============================
 Job utilisation efficiency
============================

Job ID: 33198382
Cluster: viking2.yor.alces.network
User/Group: qcd511/clusterusers
State: COMPLETED (exit code 0)
Nodes: 1
Cores per node: 2
CPU Utilized: 02:56:29
CPU Efficiency: 99.35% of 02:57:38 core-walltime
Job Wall-clock time: 01:28:49
Memory Utilized: 6.07 GB
Memory Efficiency: 4.74% of 128.00 GB
 Requested wall clock time: 1-00:00:00
    Actual wall clock time: 01:28:49
Wall clock time efficiency: 6.2%
           Job queued time: 00:47:45
