
The following have been reloaded with a version change:
  1) XZ/5.4.2-GCCcore-12.3.0 => XZ/5.4.4-GCCcore-13.2.0
  2) bzip2/1.0.8-GCCcore-12.3.0 => bzip2/1.0.8-GCCcore-13.2.0

Starting GS2...
Starting GS2 run in directory: beta_0.01800 with beta = 0.01800
 Created by GS2 at 2026-04-21T13:23:52.543Z+01:00
 GS2 version: 8.2.1
 Run UUID: 63494E3D-486A-4F3B-9708-2A37514C5843
 GK_SYSTEM: viking
 Compiler: gfortran
 Build tag: None

Running on 4 processors 


 Initialization             34.832 min   54.0 %
(field matrix invert         5.548 min    8.6 %)
(field matrix invert mpi     0.023 min    0.0 %)
(field matrix dump           0.000 min    0.0 %)
(field matrix read           0.000 min    0.0 %)
 Advance steps              29.645 min   46.0 %
(field solve                 7.281 min   11.3 %)
(field solve mpi             0.416 min    0.6 %)
(collisions                 31.377 min   48.7 %)
(collisions mpi              1.088 min    1.7 %)
(explicit/nl                 0.000 min    0.0 %)
(explicit/nl mpi             0.000 min    0.0 %)
(explicit/nl fft             0.000 min    0.0 %)
(explicit/nl fields          0.000 min    0.0 %)
(diagnostics                 0.004 min    0.0 %)
 Re-initialize               0.000 min    0.0 %
 Redistribute                8.343 min   12.9 %
(redistribute mpi            1.089 min    1.7 %)
(redistribute copy           7.254 min   11.3 %)
 Finishing                   0.001 min    0.0 %
 MPI                         1.947 min    3.0 %
(Overheads                   0.000 min    0.0 %)
(Collectives                 0.858 min    1.3 %)
(PTP                         0.006 min    0.0 %)
(Sync                        1.083 min    1.7 %)
 total from timer is:    64.48 min

Run finished at 2026-04-21T14:28:21.509Z+01:00
Run complete. Outputs saved in beta_0.01800/

============================
 Job utilisation efficiency
============================

Job ID: 33200114
Cluster: viking2.yor.alces.network
User/Group: qcd511/clusterusers
State: COMPLETED (exit code 0)
Nodes: 1
Cores per node: 4
CPU Utilized: 04:16:47
CPU Efficiency: 99.48% of 04:18:08 core-walltime
Job Wall-clock time: 01:04:32
Memory Utilized: 8.85 GB
Memory Efficiency: 6.91% of 128.00 GB
 Requested wall clock time: 1-00:00:00
    Actual wall clock time: 01:04:32
Wall clock time efficiency: 4.5%
           Job queued time: 00:00:18
