
The following have been reloaded with a version change:
  1) XZ/5.4.2-GCCcore-12.3.0 => XZ/5.4.4-GCCcore-13.2.0
  2) bzip2/1.0.8-GCCcore-12.3.0 => bzip2/1.0.8-GCCcore-13.2.0

Starting GS2...
Starting GS2 run in directory: beta_0.00000 with beta = 0.00000
 Created by GS2 at 2026-04-21T10:09:10.483Z+01:00
 GS2 version: 8.2.1
 Run UUID: 0566272F-1D1D-425C-896E-38736D002004
 GK_SYSTEM: viking
 Compiler: gfortran
 Build tag: None

Running on 2 processors 


 Initialization             10.374 min   28.9 %
(field matrix invert         0.210 min    0.6 %)
(field matrix invert mpi     0.001 min    0.0 %)
(field matrix dump           0.000 min    0.0 %)
(field matrix read           0.000 min    0.0 %)
 Advance steps              25.470 min   71.0 %
(field solve                 0.976 min    2.7 %)
(field solve mpi             0.071 min    0.2 %)
(collisions                 19.559 min   54.5 %)
(collisions mpi              0.000 min    0.0 %)
(explicit/nl                 0.000 min    0.0 %)
(explicit/nl mpi             0.000 min    0.0 %)
(explicit/nl fft             0.000 min    0.0 %)
(explicit/nl fields          0.000 min    0.0 %)
(diagnostics                 0.002 min    0.0 %)
 Re-initialize               0.000 min    0.0 %
 Redistribute                4.955 min   13.8 %
(redistribute mpi            0.000 min    0.0 %)
(redistribute copy           4.955 min   13.8 %)
 Finishing                   0.002 min    0.0 %
 MPI                         0.115 min    0.3 %
(Overheads                   0.000 min    0.0 %)
(Collectives                 0.115 min    0.3 %)
(PTP                         0.000 min    0.0 %)
(Sync                        0.000 min    0.0 %)
 total from timer is:    35.86 min

Run finished at 2026-04-21T10:45:01.949Z+01:00
Run complete. Outputs saved in beta_0.00000/

============================
 Job utilisation efficiency
============================

Job ID: 33198373
Cluster: viking2.yor.alces.network
User/Group: qcd511/clusterusers
State: COMPLETED (exit code 0)
Nodes: 1
Cores per node: 2
CPU Utilized: 01:11:25
CPU Efficiency: 97.88% of 01:12:58 core-walltime
Job Wall-clock time: 00:36:29
Memory Utilized: 1.33 GB
Memory Efficiency: 1.04% of 128.00 GB
 Requested wall clock time: 1-00:00:00
    Actual wall clock time: 00:36:29
Wall clock time efficiency: 2.5%
           Job queued time: 00:22:35
