
The following have been reloaded with a version change:
  1) XZ/5.4.2-GCCcore-12.3.0 => XZ/5.4.4-GCCcore-13.2.0
  2) bzip2/1.0.8-GCCcore-12.3.0 => bzip2/1.0.8-GCCcore-13.2.0

Starting GS2...
Starting GS2 run in directory: beta_0.02000 with beta = 0.02000
 Created by GS2 at 2026-04-21T13:24:22.811Z+01:00
 GS2 version: 8.2.1
 Run UUID: 267E5C51-6C2E-441D-9771-5B27086B334D
 GK_SYSTEM: viking
 Compiler: gfortran
 Build tag: None

Running on 4 processors 


 Initialization             23.946 min   57.6 %
(field matrix invert         5.488 min   13.2 %)
(field matrix invert mpi     0.020 min    0.0 %)
(field matrix dump           0.000 min    0.0 %)
(field matrix read           0.000 min    0.0 %)
 Advance steps              17.643 min   42.4 %
(field solve                 3.992 min    9.6 %)
(field solve mpi             0.142 min    0.3 %)
(collisions                 17.481 min   42.0 %)
(collisions mpi              0.673 min    1.6 %)
(explicit/nl                 0.000 min    0.0 %)
(explicit/nl mpi             0.000 min    0.0 %)
(explicit/nl fft             0.000 min    0.0 %)
(explicit/nl fields          0.000 min    0.0 %)
(diagnostics                 0.002 min    0.0 %)
 Re-initialize               0.000 min    0.0 %
 Redistribute                4.578 min   11.0 %
(redistribute mpi            0.674 min    1.6 %)
(redistribute copy           3.904 min    9.4 %)
 Finishing                   0.001 min    0.0 %
 MPI                         1.297 min    3.1 %
(Overheads                   0.000 min    0.0 %)
(Collectives                 0.623 min    1.5 %)
(PTP                         0.003 min    0.0 %)
(Sync                        0.670 min    1.6 %)
 total from timer is:    41.60 min

Run finished at 2026-04-21T14:05:58.552Z+01:00
Run complete. Outputs saved in beta_0.02000/

============================
 Job utilisation efficiency
============================

Job ID: 33200133
Cluster: viking2.yor.alces.network
User/Group: qcd511/clusterusers
State: COMPLETED (exit code 0)
Nodes: 1
Cores per node: 4
CPU Utilized: 02:45:43
CPU Efficiency: 99.47% of 02:46:36 core-walltime
Job Wall-clock time: 00:41:39
Memory Utilized: 8.85 GB
Memory Efficiency: 6.91% of 128.00 GB
 Requested wall clock time: 1-00:00:00
    Actual wall clock time: 00:41:39
Wall clock time efficiency: 2.9%
           Job queued time: 00:00:15
