
The following have been reloaded with a version change:
  1) XZ/5.4.2-GCCcore-12.3.0 => XZ/5.4.4-GCCcore-13.2.0
  2) bzip2/1.0.8-GCCcore-12.3.0 => bzip2/1.0.8-GCCcore-13.2.0

Starting GS2...
Starting GS2 run in directory: beta_0.00600 with beta = 0.00600
 Created by GS2 at 2026-04-21T09:45:25.951Z+01:00
 GS2 version: 8.2.1
 Run UUID: 125B5074-1E79-4D7D-A973-343622276108
 GK_SYSTEM: viking
 Compiler: gfortran
 Build tag: None

Running on 2 processors 


 Initialization             45.943 min   54.1 %
(field matrix invert         5.584 min    6.6 %)
(field matrix invert mpi     0.015 min    0.0 %)
(field matrix dump           0.000 min    0.0 %)
(field matrix read           0.000 min    0.0 %)
 Advance steps              38.954 min   45.9 %
(field solve                 6.481 min    7.6 %)
(field solve mpi             0.115 min    0.1 %)
(collisions                 41.072 min   48.4 %)
(collisions mpi              0.000 min    0.0 %)
(explicit/nl                 0.000 min    0.0 %)
(explicit/nl mpi             0.000 min    0.0 %)
(explicit/nl fft             0.000 min    0.0 %)
(explicit/nl fields          0.000 min    0.0 %)
(diagnostics                 0.004 min    0.0 %)
 Re-initialize               0.000 min    0.0 %
 Redistribute                9.939 min   11.7 %
(redistribute mpi            0.000 min    0.0 %)
(redistribute copy           9.939 min   11.7 %)
 Finishing                   0.001 min    0.0 %
 MPI                         1.147 min    1.4 %
(Overheads                   0.000 min    0.0 %)
(Collectives                 1.147 min    1.4 %)
(PTP                         0.000 min    0.0 %)
(Sync                        0.000 min    0.0 %)
 total from timer is:    84.90 min

Run finished at 2026-04-21T11:10:20.190Z+01:00
Run complete. Outputs saved in beta_0.00600/

============================
 Job utilisation efficiency
============================

Job ID: 33198343
Cluster: viking2.yor.alces.network
User/Group: qcd511/clusterusers
State: COMPLETED (exit code 0)
Nodes: 1
Cores per node: 2
CPU Utilized: 02:48:54
CPU Efficiency: 99.37% of 02:49:58 core-walltime
Job Wall-clock time: 01:24:59
Memory Utilized: 6.58 GB
Memory Efficiency: 5.14% of 128.00 GB
 Requested wall clock time: 1-00:00:00
    Actual wall clock time: 01:24:59
Wall clock time efficiency: 5.9%
           Job queued time: 00:00:17
