
The following have been reloaded with a version change:
  1) XZ/5.4.2-GCCcore-12.3.0 => XZ/5.4.4-GCCcore-13.2.0
  2) bzip2/1.0.8-GCCcore-12.3.0 => bzip2/1.0.8-GCCcore-13.2.0

Starting GS2...
Starting GS2 run in directory: beta_0.02000 with beta = 0.02000
 Created by GS2 at 2026-04-21T13:24:22.796Z+01:00
 GS2 version: 8.2.1
 Run UUID: 432D401B-4956-4C36-A57C-42053F27546A
 GK_SYSTEM: viking
 Compiler: gfortran
 Build tag: None

Running on 4 processors 


 Initialization             35.267 min   55.1 %
(field matrix invert         5.540 min    8.7 %)
(field matrix invert mpi     0.047 min    0.1 %)
(field matrix dump           0.000 min    0.0 %)
(field matrix read           0.000 min    0.0 %)
 Advance steps              28.744 min   44.9 %
(field solve                 6.561 min   10.2 %)
(field solve mpi             1.586 min    2.5 %)
(collisions                 33.242 min   51.9 %)
(collisions mpi             11.516 min   18.0 %)
(explicit/nl                 0.000 min    0.0 %)
(explicit/nl mpi             0.000 min    0.0 %)
(explicit/nl fft             0.000 min    0.0 %)
(explicit/nl fields          0.000 min    0.0 %)
(diagnostics                 0.003 min    0.0 %)
 Re-initialize               0.000 min    0.0 %
 Redistribute               16.318 min   25.5 %
(redistribute mpi           11.517 min   18.0 %)
(redistribute copy           4.801 min    7.5 %)
 Finishing                   0.002 min    0.0 %
 MPI                        16.250 min   25.4 %
(Overheads                   0.000 min    0.0 %)
(Collectives                 4.733 min    7.4 %)
(PTP                         0.005 min    0.0 %)
(Sync                       11.512 min   18.0 %)
 total from timer is:    64.02 min

Run finished at 2026-04-21T14:28:23.872Z+01:00
Run complete. Outputs saved in beta_0.02000/

============================
 Job utilisation efficiency
============================

Job ID: 33200128
Cluster: viking2.yor.alces.network
User/Group: qcd511/clusterusers
State: COMPLETED (exit code 0)
Nodes: 1
Cores per node: 4
CPU Utilized: 04:14:58
CPU Efficiency: 99.49% of 04:16:16 core-walltime
Job Wall-clock time: 01:04:04
Memory Utilized: 8.85 GB
Memory Efficiency: 6.92% of 128.00 GB
 Requested wall clock time: 1-00:00:00
    Actual wall clock time: 01:04:04
Wall clock time efficiency: 4.4%
           Job queued time: 00:00:24
