
The following have been reloaded with a version change:
  1) XZ/5.4.2-GCCcore-12.3.0 => XZ/5.4.4-GCCcore-13.2.0
  2) bzip2/1.0.8-GCCcore-12.3.0 => bzip2/1.0.8-GCCcore-13.2.0

Starting GS2...
Starting GS2 run in directory: beta_0.00800 with beta = 0.00800
 Created by GS2 at 2026-04-21T09:45:25.951Z+01:00
 GS2 version: 8.2.1
 Run UUID: 4A5F3C59-2432-482C-AF2F-2D59235A583A
 GK_SYSTEM: viking
 Compiler: gfortran
 Build tag: None

Running on 2 processors 


 Initialization             45.905 min   54.1 %
(field matrix invert         5.549 min    6.5 %)
(field matrix invert mpi     0.014 min    0.0 %)
(field matrix dump           0.000 min    0.0 %)
(field matrix read           0.000 min    0.0 %)
 Advance steps              38.964 min   45.9 %
(field solve                 8.468 min   10.0 %)
(field solve mpi             0.259 min    0.3 %)
(collisions                 40.389 min   47.6 %)
(collisions mpi              0.000 min    0.0 %)
(explicit/nl                 0.000 min    0.0 %)
(explicit/nl mpi             0.000 min    0.0 %)
(explicit/nl fft             0.000 min    0.0 %)
(explicit/nl fields          0.000 min    0.0 %)
(diagnostics                 0.003 min    0.0 %)
 Re-initialize               0.000 min    0.0 %
 Redistribute               10.650 min   12.5 %
(redistribute mpi            0.000 min    0.0 %)
(redistribute copy          10.650 min   12.5 %)
 Finishing                   0.001 min    0.0 %
 MPI                         0.806 min    0.9 %
(Overheads                   0.000 min    0.0 %)
(Collectives                 0.806 min    0.9 %)
(PTP                         0.000 min    0.0 %)
(Sync                        0.000 min    0.0 %)
 total from timer is:    84.88 min

Run finished at 2026-04-21T11:10:18.542Z+01:00
Run complete. Outputs saved in beta_0.00800/

============================
 Job utilisation efficiency
============================

Job ID: 33198344
Cluster: viking2.yor.alces.network
User/Group: qcd511/clusterusers
State: COMPLETED (exit code 0)
Nodes: 1
Cores per node: 2
CPU Utilized: 02:49:02
CPU Efficiency: 99.49% of 02:49:54 core-walltime
Job Wall-clock time: 01:24:57
Memory Utilized: 6.07 GB
Memory Efficiency: 4.74% of 128.00 GB
 Requested wall clock time: 1-00:00:00
    Actual wall clock time: 01:24:57
Wall clock time efficiency: 5.9%
           Job queued time: 00:00:17
