
The following have been reloaded with a version change:
  1) XZ/5.4.2-GCCcore-12.3.0 => XZ/5.4.4-GCCcore-13.2.0
  2) bzip2/1.0.8-GCCcore-12.3.0 => bzip2/1.0.8-GCCcore-13.2.0

Starting GS2...
Starting GS2 run in directory: beta_0.01200 with beta = 0.01200
 Created by GS2 at 2026-04-21T13:23:52.565Z+01:00
 GS2 version: 8.2.1
 Run UUID: 6E15323F-4558-4318-B57B-55600D470E01
 GK_SYSTEM: viking
 Compiler: gfortran
 Build tag: None

Running on 4 processors 


 Initialization             23.823 min   58.6 %
(field matrix invert         6.059 min   14.9 %)
(field matrix invert mpi     0.026 min    0.1 %)
(field matrix dump           0.000 min    0.0 %)
(field matrix read           0.000 min    0.0 %)
 Advance steps              16.806 min   41.4 %
(field solve                 3.729 min    9.2 %)
(field solve mpi             0.290 min    0.7 %)
(collisions                 15.878 min   39.1 %)
(collisions mpi              0.739 min    1.8 %)
(explicit/nl                 0.000 min    0.0 %)
(explicit/nl mpi             0.000 min    0.0 %)
(explicit/nl fft             0.000 min    0.0 %)
(explicit/nl fields          0.000 min    0.0 %)
(diagnostics                 0.002 min    0.0 %)
 Re-initialize               0.000 min    0.0 %
 Redistribute                4.105 min   10.1 %
(redistribute mpi            0.740 min    1.8 %)
(redistribute copy           3.365 min    8.3 %)
 Finishing                   0.001 min    0.0 %
 MPI                         1.578 min    3.9 %
(Overheads                   0.000 min    0.0 %)
(Collectives                 0.838 min    2.1 %)
(PTP                         0.004 min    0.0 %)
(Sync                        0.736 min    1.8 %)
 total from timer is:    40.64 min

Run finished at 2026-04-21T14:04:30.693Z+01:00
Run complete. Outputs saved in beta_0.01200/

============================
 Job utilisation efficiency
============================

Job ID: 33200111
Cluster: viking2.yor.alces.network
User/Group: qcd511/clusterusers
State: COMPLETED (exit code 0)
Nodes: 1
Cores per node: 4
CPU Utilized: 02:41:26
CPU Efficiency: 99.20% of 02:42:44 core-walltime
Job Wall-clock time: 00:40:41
Memory Utilized: 8.86 GB
Memory Efficiency: 6.92% of 128.00 GB
 Requested wall clock time: 1-00:00:00
    Actual wall clock time: 00:40:41
Wall clock time efficiency: 2.8%
           Job queued time: 00:00:19
