
The following have been reloaded with a version change:
  1) XZ/5.4.2-GCCcore-12.3.0 => XZ/5.4.4-GCCcore-13.2.0
  2) bzip2/1.0.8-GCCcore-12.3.0 => bzip2/1.0.8-GCCcore-13.2.0

Starting GS2...
Starting GS2 run in directory: beta_0.00600 with beta = 0.00600
 Created by GS2 at 2026-04-21T10:08:44.953Z+01:00
 GS2 version: 8.2.1
 Run UUID: 48382C2B-3664-4323-996D-5171145C7041
 GK_SYSTEM: viking
 Compiler: gfortran
 Build tag: None

Running on 2 processors 


 Initialization             32.194 min   56.6 %
(field matrix invert         5.595 min    9.8 %)
(field matrix invert mpi     0.015 min    0.0 %)
(field matrix dump           0.000 min    0.0 %)
(field matrix read           0.000 min    0.0 %)
 Advance steps              24.654 min   43.4 %
(field solve                 3.681 min    6.5 %)
(field solve mpi             0.023 min    0.0 %)
(collisions                 23.081 min   40.6 %)
(collisions mpi              0.000 min    0.0 %)
(explicit/nl                 0.000 min    0.0 %)
(explicit/nl mpi             0.000 min    0.0 %)
(explicit/nl fft             0.000 min    0.0 %)
(explicit/nl fields          0.000 min    0.0 %)
(diagnostics                 0.002 min    0.0 %)
 Re-initialize               0.000 min    0.0 %
 Redistribute                6.442 min   11.3 %
(redistribute mpi            0.000 min    0.0 %)
(redistribute copy           6.442 min   11.3 %)
 Finishing                   0.001 min    0.0 %
 MPI                         0.720 min    1.3 %
(Overheads                   0.000 min    0.0 %)
(Collectives                 0.720 min    1.3 %)
(PTP                         0.000 min    0.0 %)
(Sync                        0.000 min    0.0 %)
 total from timer is:    56.85 min

Run finished at 2026-04-21T11:05:36.228Z+01:00
Run complete. Outputs saved in beta_0.00600/

============================
 Job utilisation efficiency
============================

Job ID: 33198376
Cluster: viking2.yor.alces.network
User/Group: qcd511/clusterusers
State: COMPLETED (exit code 0)
Nodes: 1
Cores per node: 2
CPU Utilized: 01:53:15
CPU Efficiency: 99.26% of 01:54:06 core-walltime
Job Wall-clock time: 00:57:03
Memory Utilized: 6.08 GB
Memory Efficiency: 4.75% of 128.00 GB
 Requested wall clock time: 1-00:00:00
    Actual wall clock time: 00:57:03
Wall clock time efficiency: 4.0%
           Job queued time: 00:22:34
