
The following have been reloaded with a version change:
  1) XZ/5.4.2-GCCcore-12.3.0 => XZ/5.4.4-GCCcore-13.2.0
  2) bzip2/1.0.8-GCCcore-12.3.0 => bzip2/1.0.8-GCCcore-13.2.0

Starting GS2...
Starting GS2 run in directory: beta_0.02000 with beta = 0.02000
 Created by GS2 at 2026-04-21T14:48:59.656Z+01:00
 GS2 version: 8.2.1
 Run UUID: 462A5B4B-7669-4061-BF2D-35731E03515A
 GK_SYSTEM: viking
 Compiler: gfortran
 Build tag: None

Running on 4 processors 


 Initialization             24.251 min   57.8 %
(field matrix invert         5.530 min   13.2 %)
(field matrix invert mpi     0.019 min    0.0 %)
(field matrix dump           0.000 min    0.0 %)
(field matrix read           0.000 min    0.0 %)
 Advance steps              17.721 min   42.2 %
(field solve                 4.164 min    9.9 %)
(field solve mpi             0.257 min    0.6 %)
(collisions                 17.720 min   42.2 %)
(collisions mpi              0.728 min    1.7 %)
(explicit/nl                 0.000 min    0.0 %)
(explicit/nl mpi             0.000 min    0.0 %)
(explicit/nl fft             0.000 min    0.0 %)
(explicit/nl fields          0.000 min    0.0 %)
(diagnostics                 0.002 min    0.0 %)
 Re-initialize               0.000 min    0.0 %
 Redistribute                4.745 min   11.3 %
(redistribute mpi            0.728 min    1.7 %)
(redistribute copy           4.017 min    9.6 %)
 Finishing                   0.001 min    0.0 %
 MPI                         1.296 min    3.1 %
(Overheads                   0.000 min    0.0 %)
(Collectives                 0.568 min    1.4 %)
(PTP                         0.004 min    0.0 %)
(Sync                        0.725 min    1.7 %)
 total from timer is:    41.98 min

Run finished at 2026-04-21T15:30:58.436Z+01:00
Run complete. Outputs saved in beta_0.02000/

============================
 Job utilisation efficiency
============================

Job ID: 33200170
Cluster: viking2.yor.alces.network
User/Group: qcd511/clusterusers
State: COMPLETED (exit code 0)
Nodes: 1
Cores per node: 4
CPU Utilized: 02:47:16
CPU Efficiency: 99.25% of 02:48:32 core-walltime
Job Wall-clock time: 00:42:08
Memory Utilized: 8.85 GB
Memory Efficiency: 6.92% of 128.00 GB
 Requested wall clock time: 1-00:00:00
    Actual wall clock time: 00:42:08
Wall clock time efficiency: 2.9%
           Job queued time: 01:23:44
