
The following have been reloaded with a version change:
  1) XZ/5.4.2-GCCcore-12.3.0 => XZ/5.4.4-GCCcore-13.2.0
  2) bzip2/1.0.8-GCCcore-12.3.0 => bzip2/1.0.8-GCCcore-13.2.0

Starting GS2...
Starting GS2 run in directory: beta_0.01600 with beta = 0.01600
 Created by GS2 at 2026-04-21T14:00:23.814Z+01:00
 GS2 version: 8.2.1
 Run UUID: 0E7C7C69-0E53-4036-8F25-5611116E494D
 GK_SYSTEM: viking
 Compiler: gfortran
 Build tag: None

Running on 4 processors 


 Initialization             23.093 min   58.2 %
(field matrix invert         5.664 min   14.3 %)
(field matrix invert mpi     0.021 min    0.1 %)
(field matrix dump           0.000 min    0.0 %)
(field matrix read           0.000 min    0.0 %)
 Advance steps              16.582 min   41.8 %
(field solve                 3.715 min    9.4 %)
(field solve mpi             0.328 min    0.8 %)
(collisions                 15.967 min   40.2 %)
(collisions mpi              0.810 min    2.0 %)
(explicit/nl                 0.000 min    0.0 %)
(explicit/nl mpi             0.000 min    0.0 %)
(explicit/nl fft             0.000 min    0.0 %)
(explicit/nl fields          0.000 min    0.0 %)
(diagnostics                 0.002 min    0.0 %)
 Re-initialize               0.000 min    0.0 %
 Redistribute                4.269 min   10.8 %
(redistribute mpi            0.811 min    2.0 %)
(redistribute copy           3.458 min    8.7 %)
 Finishing                   0.001 min    0.0 %
 MPI                         1.731 min    4.4 %
(Overheads                   0.000 min    0.0 %)
(Collectives                 0.920 min    2.3 %)
(PTP                         0.004 min    0.0 %)
(Sync                        0.807 min    2.0 %)
 total from timer is:    39.68 min

Run finished at 2026-04-21T14:40:04.662Z+01:00
Run complete. Outputs saved in beta_0.01600/

============================
 Job utilisation efficiency
============================

Job ID: 33200152
Cluster: viking2.yor.alces.network
User/Group: qcd511/clusterusers
State: COMPLETED (exit code 0)
Nodes: 1
Cores per node: 4
CPU Utilized: 02:37:13
CPU Efficiency: 98.84% of 02:39:04 core-walltime
Job Wall-clock time: 00:39:46
Memory Utilized: 8.85 GB
Memory Efficiency: 6.92% of 128.00 GB
 Requested wall clock time: 1-00:00:00
    Actual wall clock time: 00:39:46
Wall clock time efficiency: 2.8%
           Job queued time: 00:35:35
