
The following have been reloaded with a version change:
  1) XZ/5.4.2-GCCcore-12.3.0 => XZ/5.4.4-GCCcore-13.2.0
  2) bzip2/1.0.8-GCCcore-12.3.0 => bzip2/1.0.8-GCCcore-13.2.0

Starting GS2...
Starting GS2 run in directory: beta_0.02000 with beta = 0.02000
 Created by GS2 at 2026-04-21T14:04:57.630Z+01:00
 GS2 version: 8.2.1
 Run UUID: 54054B7A-1A1C-4A30-B342-3E354C646459
 GK_SYSTEM: viking
 Compiler: gfortran
 Build tag: None

Running on 4 processors 


 Initialization             23.609 min   57.7 %
(field matrix invert         5.528 min   13.5 %)
(field matrix invert mpi     0.020 min    0.0 %)
(field matrix dump           0.000 min    0.0 %)
(field matrix read           0.000 min    0.0 %)
 Advance steps              17.302 min   42.3 %
(field solve                 3.906 min    9.5 %)
(field solve mpi             0.132 min    0.3 %)
(collisions                 17.054 min   41.7 %)
(collisions mpi              0.644 min    1.6 %)
(explicit/nl                 0.000 min    0.0 %)
(explicit/nl mpi             0.000 min    0.0 %)
(explicit/nl fft             0.000 min    0.0 %)
(explicit/nl fields          0.000 min    0.0 %)
(diagnostics                 0.002 min    0.0 %)
 Re-initialize               0.000 min    0.0 %
 Redistribute                4.514 min   11.0 %
(redistribute mpi            0.645 min    1.6 %)
(redistribute copy           3.869 min    9.5 %)
 Finishing                   0.001 min    0.0 %
 MPI                         1.162 min    2.8 %
(Overheads                   0.000 min    0.0 %)
(Collectives                 0.517 min    1.3 %)
(PTP                         0.003 min    0.0 %)
(Sync                        0.641 min    1.6 %)
 total from timer is:    40.92 min

Run finished at 2026-04-21T14:45:52.627Z+01:00
Run complete. Outputs saved in beta_0.02000/

============================
 Job utilisation efficiency
============================

Job ID: 33200159
Cluster: viking2.yor.alces.network
User/Group: qcd511/clusterusers
State: COMPLETED (exit code 0)
Nodes: 1
Cores per node: 4
CPU Utilized: 02:42:57
CPU Efficiency: 99.44% of 02:43:52 core-walltime
Job Wall-clock time: 00:40:58
Memory Utilized: 8.89 GB
Memory Efficiency: 6.94% of 128.00 GB
 Requested wall clock time: 1-00:00:00
    Actual wall clock time: 00:40:58
Wall clock time efficiency: 2.8%
           Job queued time: 00:40:04
