
The following have been reloaded with a version change:
  1) XZ/5.4.2-GCCcore-12.3.0 => XZ/5.4.4-GCCcore-13.2.0
  2) bzip2/1.0.8-GCCcore-12.3.0 => bzip2/1.0.8-GCCcore-13.2.0

Starting GS2...
Starting GS2 run in directory: beta_0.01800 with beta = 0.01800
 Created by GS2 at 2026-04-21T13:28:26.388Z+01:00
 GS2 version: 8.2.1
 Run UUID: 081D224A-2C0B-451C-A16C-7B327C1B5619
 GK_SYSTEM: viking
 Compiler: gfortran
 Build tag: None

Running on 4 processors 


 Initialization             22.593 min   57.8 %
(field matrix invert         5.538 min   14.2 %)
(field matrix invert mpi     0.026 min    0.1 %)
(field matrix dump           0.000 min    0.0 %)
(field matrix read           0.000 min    0.0 %)
 Advance steps              16.493 min   42.2 %
(field solve                 3.938 min   10.1 %)
(field solve mpi             0.371 min    0.9 %)
(collisions                 15.741 min   40.3 %)
(collisions mpi              0.740 min    1.9 %)
(explicit/nl                 0.000 min    0.0 %)
(explicit/nl mpi             0.000 min    0.0 %)
(explicit/nl fft             0.000 min    0.0 %)
(explicit/nl fields          0.000 min    0.0 %)
(diagnostics                 0.002 min    0.0 %)
 Re-initialize               0.000 min    0.0 %
 Redistribute                4.058 min   10.4 %
(redistribute mpi            0.740 min    1.9 %)
(redistribute copy           3.317 min    8.5 %)
 Finishing                   0.001 min    0.0 %
 MPI                         1.485 min    3.8 %
(Overheads                   0.000 min    0.0 %)
(Collectives                 0.744 min    1.9 %)
(PTP                         0.004 min    0.0 %)
(Sync                        0.737 min    1.9 %)
 total from timer is:    39.10 min

Run finished at 2026-04-21T14:07:32.258Z+01:00
Run complete. Outputs saved in beta_0.01800/

============================
 Job utilisation efficiency
============================

Job ID: 33200137
Cluster: viking2.yor.alces.network
User/Group: qcd511/clusterusers
State: COMPLETED (exit code 0)
Nodes: 1
Cores per node: 4
CPU Utilized: 02:35:39
CPU Efficiency: 99.39% of 02:36:36 core-walltime
Job Wall-clock time: 00:39:09
Memory Utilized: 8.91 GB
Memory Efficiency: 6.96% of 128.00 GB
 Requested wall clock time: 1-00:00:00
    Actual wall clock time: 00:39:09
Wall clock time efficiency: 2.7%
           Job queued time: 00:04:13
