
The following have been reloaded with a version change:
  1) XZ/5.4.2-GCCcore-12.3.0 => XZ/5.4.4-GCCcore-13.2.0
  2) bzip2/1.0.8-GCCcore-12.3.0 => bzip2/1.0.8-GCCcore-13.2.0

Starting GS2...
Starting GS2 run in directory: beta_0.01600 with beta = 0.01600
 Created by GS2 at 2026-04-21T13:24:22.930Z+01:00
 GS2 version: 8.2.1
 Run UUID: 676E444A-3E28-4001-9D40-3C0300701D1A
 GK_SYSTEM: viking
 Compiler: gfortran
 Build tag: None

Running on 4 processors 


 Initialization             23.954 min   56.7 %
(field matrix invert         5.502 min   13.0 %)
(field matrix invert mpi     0.020 min    0.0 %)
(field matrix dump           0.000 min    0.0 %)
(field matrix read           0.000 min    0.0 %)
 Advance steps              18.310 min   43.3 %
(field solve                 4.180 min    9.9 %)
(field solve mpi             0.107 min    0.3 %)
(collisions                 17.699 min   41.9 %)
(collisions mpi              0.697 min    1.6 %)
(explicit/nl                 0.000 min    0.0 %)
(explicit/nl mpi             0.000 min    0.0 %)
(explicit/nl fft             0.000 min    0.0 %)
(explicit/nl fields          0.000 min    0.0 %)
(diagnostics                 0.002 min    0.0 %)
 Re-initialize               0.000 min    0.0 %
 Redistribute                4.560 min   10.8 %
(redistribute mpi            0.697 min    1.6 %)
(redistribute copy           3.863 min    9.1 %)
 Finishing                   0.001 min    0.0 %
 MPI                         0.926 min    2.2 %
(Overheads                   0.000 min    0.0 %)
(Collectives                 0.229 min    0.5 %)
(PTP                         0.003 min    0.0 %)
(Sync                        0.694 min    1.6 %)
 total from timer is:    42.27 min

Run finished at 2026-04-21T14:06:39.072Z+01:00
Run complete. Outputs saved in beta_0.01600/

============================
 Job utilisation efficiency
============================

Job ID: 33200126
Cluster: viking2.yor.alces.network
User/Group: qcd511/clusterusers
State: COMPLETED (exit code 0)
Nodes: 1
Cores per node: 4
CPU Utilized: 02:48:22
CPU Efficiency: 99.43% of 02:49:20 core-walltime
Job Wall-clock time: 00:42:20
Memory Utilized: 8.85 GB
Memory Efficiency: 6.92% of 128.00 GB
 Requested wall clock time: 1-00:00:00
    Actual wall clock time: 00:42:20
Wall clock time efficiency: 2.9%
           Job queued time: 00:00:24
