
The following have been reloaded with a version change:
  1) XZ/5.4.2-GCCcore-12.3.0 => XZ/5.4.4-GCCcore-13.2.0
  2) bzip2/1.0.8-GCCcore-12.3.0 => bzip2/1.0.8-GCCcore-13.2.0

Starting GS2...
Starting GS2 run in directory: beta_0.01400 with beta = 0.01400
 Created by GS2 at 2026-04-21T13:54:10.373Z+01:00
 GS2 version: 8.2.1
 Run UUID: 6F1B1B4A-674C-4964-9127-7A3D34340D06
 GK_SYSTEM: viking
 Compiler: gfortran
 Build tag: None

Running on 4 processors 


 Initialization             24.018 min   57.6 %
(field matrix invert         5.521 min   13.2 %)
(field matrix invert mpi     0.020 min    0.0 %)
(field matrix dump           0.000 min    0.0 %)
(field matrix read           0.000 min    0.0 %)
 Advance steps              17.655 min   42.4 %
(field solve                 3.971 min    9.5 %)
(field solve mpi             0.134 min    0.3 %)
(collisions                 17.627 min   42.3 %)
(collisions mpi              0.802 min    1.9 %)
(explicit/nl                 0.000 min    0.0 %)
(explicit/nl mpi             0.000 min    0.0 %)
(explicit/nl fft             0.000 min    0.0 %)
(explicit/nl fields          0.000 min    0.0 %)
(diagnostics                 0.002 min    0.0 %)
 Re-initialize               0.000 min    0.0 %
 Redistribute                4.641 min   11.1 %
(redistribute mpi            0.802 min    1.9 %)
(redistribute copy           3.839 min    9.2 %)
 Finishing                   0.001 min    0.0 %
 MPI                         1.265 min    3.0 %
(Overheads                   0.000 min    0.0 %)
(Collectives                 0.463 min    1.1 %)
(PTP                         0.004 min    0.0 %)
(Sync                        0.799 min    1.9 %)
 total from timer is:    41.68 min

Run finished at 2026-04-21T14:35:51.467Z+01:00
Run complete. Outputs saved in beta_0.01400/

============================
 Job utilisation efficiency
============================

Job ID: 33200140
Cluster: viking2.yor.alces.network
User/Group: qcd511/clusterusers
State: COMPLETED (exit code 0)
Nodes: 1
Cores per node: 4
CPU Utilized: 02:46:03
CPU Efficiency: 96.92% of 02:51:20 core-walltime
Job Wall-clock time: 00:42:50
Memory Utilized: 8.90 GB
Memory Efficiency: 6.95% of 128.00 GB
 Requested wall clock time: 1-00:00:00
    Actual wall clock time: 00:42:50
Wall clock time efficiency: 3.0%
           Job queued time: 00:28:35
