
The following have been reloaded with a version change:
  1) XZ/5.4.2-GCCcore-12.3.0 => XZ/5.4.4-GCCcore-13.2.0
  2) bzip2/1.0.8-GCCcore-12.3.0 => bzip2/1.0.8-GCCcore-13.2.0

Starting GS2...
Starting GS2 run in directory: beta_0.01200 with beta = 0.01200
 Created by GS2 at 2026-04-21T13:24:23.322Z+01:00
 GS2 version: 8.2.1
 Run UUID: 577A1F28-253F-4567-B714-623F7A1F1269
 GK_SYSTEM: viking
 Compiler: gfortran
 Build tag: None

Running on 4 processors 


 Initialization             35.892 min   55.5 %
(field matrix invert         5.672 min    8.8 %)
(field matrix invert mpi     0.036 min    0.1 %)
(field matrix dump           0.000 min    0.0 %)
(field matrix read           0.000 min    0.0 %)
 Advance steps              28.738 min   44.5 %
(field solve                 7.548 min   11.7 %)
(field solve mpi             3.124 min    4.8 %)
(collisions                 31.073 min   48.1 %)
(collisions mpi             10.212 min   15.8 %)
(explicit/nl                 0.000 min    0.0 %)
(explicit/nl mpi             0.000 min    0.0 %)
(explicit/nl fft             0.000 min    0.0 %)
(explicit/nl fields          0.000 min    0.0 %)
(diagnostics                 0.003 min    0.0 %)
 Re-initialize               0.000 min    0.0 %
 Redistribute               14.819 min   22.9 %
(redistribute mpi           10.215 min   15.8 %)
(redistribute copy           4.604 min    7.1 %)
 Finishing                   0.001 min    0.0 %
 MPI                        18.032 min   27.9 %
(Overheads                   0.000 min    0.0 %)
(Collectives                 7.817 min   12.1 %)
(PTP                         0.005 min    0.0 %)
(Sync                       10.210 min   15.8 %)
 total from timer is:    64.64 min

Run finished at 2026-04-21T14:29:01.503Z+01:00
Run complete. Outputs saved in beta_0.01200/

============================
 Job utilisation efficiency
============================

Job ID: 33200129
Cluster: viking2.yor.alces.network
User/Group: qcd511/clusterusers
State: COMPLETED (exit code 0)
Nodes: 1
Cores per node: 4
CPU Utilized: 04:16:23
CPU Efficiency: 99.07% of 04:18:48 core-walltime
Job Wall-clock time: 01:04:42
Memory Utilized: 8.85 GB
Memory Efficiency: 6.92% of 128.00 GB
 Requested wall clock time: 1-00:00:00
    Actual wall clock time: 01:04:42
Wall clock time efficiency: 4.5%
           Job queued time: 00:00:16
