
The following have been reloaded with a version change:
  1) XZ/5.4.2-GCCcore-12.3.0 => XZ/5.4.4-GCCcore-13.2.0
  2) bzip2/1.0.8-GCCcore-12.3.0 => bzip2/1.0.8-GCCcore-13.2.0

Starting GS2...
Starting GS2 run in directory: beta_0.01200 with beta = 0.01200
 Created by GS2 at 2026-04-21T13:39:22.450Z+01:00
 GS2 version: 8.2.1
 Run UUID: 246F5659-4023-4F28-B304-0F5E375A5B39
 GK_SYSTEM: viking
 Compiler: gfortran
 Build tag: None

Running on 4 processors 


 Initialization             21.980 min   58.0 %
(field matrix invert         5.522 min   14.6 %)
(field matrix invert mpi     0.022 min    0.1 %)
(field matrix dump           0.000 min    0.0 %)
(field matrix read           0.000 min    0.0 %)
 Advance steps              15.920 min   42.0 %
(field solve                 3.738 min    9.9 %)
(field solve mpi             1.682 min    4.4 %)
(collisions                 15.217 min   40.1 %)
(collisions mpi              2.583 min    6.8 %)
(explicit/nl                 0.000 min    0.0 %)
(explicit/nl mpi             0.000 min    0.0 %)
(explicit/nl fft             0.000 min    0.0 %)
(explicit/nl fields          0.000 min    0.0 %)
(diagnostics                 0.001 min    0.0 %)
 Re-initialize               0.000 min    0.0 %
 Redistribute                5.183 min   13.7 %
(redistribute mpi            2.583 min    6.8 %)
(redistribute copy           2.600 min    6.9 %)
 Finishing                   0.001 min    0.0 %
 MPI                         5.210 min   13.7 %
(Overheads                   0.000 min    0.0 %)
(Collectives                 2.627 min    6.9 %)
(PTP                         0.003 min    0.0 %)
(Sync                        2.580 min    6.8 %)
 total from timer is:    37.90 min

Run finished at 2026-04-21T14:17:16.670Z+01:00
Run complete. Outputs saved in beta_0.01200/

============================
 Job utilisation efficiency
============================

Job ID: 33200139
Cluster: viking2.yor.alces.network
User/Group: qcd511/clusterusers
State: COMPLETED (exit code 0)
Nodes: 1
Cores per node: 4
CPU Utilized: 02:31:03
CPU Efficiency: 99.51% of 02:31:48 core-walltime
Job Wall-clock time: 00:37:57
Memory Utilized: 8.86 GB
Memory Efficiency: 6.92% of 128.00 GB
 Requested wall clock time: 1-00:00:00
    Actual wall clock time: 00:37:57
Wall clock time efficiency: 2.6%
           Job queued time: 00:14:53
