
The following have been reloaded with a version change:
  1) XZ/5.4.2-GCCcore-12.3.0 => XZ/5.4.4-GCCcore-13.2.0
  2) bzip2/1.0.8-GCCcore-12.3.0 => bzip2/1.0.8-GCCcore-13.2.0

Starting GS2...
Starting GS2 run in directory: beta_0.00000 with beta = 0.00000
 Created by GS2 at 2026-04-21T10:06:05.588Z+01:00
 GS2 version: 8.2.1
 Run UUID: 296E707A-5003-4312-8501-7B0066151619
 GK_SYSTEM: viking
 Compiler: gfortran
 Build tag: None

Running on 2 processors 


 Initialization              8.763 min   29.2 %
(field matrix invert         0.211 min    0.7 %)
(field matrix invert mpi     0.001 min    0.0 %)
(field matrix dump           0.000 min    0.0 %)
(field matrix read           0.000 min    0.0 %)
 Advance steps              21.234 min   70.8 %
(field solve                 0.659 min    2.2 %)
(field solve mpi             0.008 min    0.0 %)
(collisions                 14.679 min   48.9 %)
(collisions mpi              0.000 min    0.0 %)
(explicit/nl                 0.000 min    0.0 %)
(explicit/nl mpi             0.000 min    0.0 %)
(explicit/nl fft             0.000 min    0.0 %)
(explicit/nl fields          0.000 min    0.0 %)
(diagnostics                 0.002 min    0.0 %)
 Re-initialize               0.000 min    0.0 %
 Redistribute                3.972 min   13.2 %
(redistribute mpi            0.000 min    0.0 %)
(redistribute copy           3.972 min   13.2 %)
 Finishing                   0.001 min    0.0 %
 MPI                         0.031 min    0.1 %
(Overheads                   0.000 min    0.0 %)
(Collectives                 0.031 min    0.1 %)
(PTP                         0.000 min    0.0 %)
(Sync                        0.000 min    0.0 %)
 total from timer is:    30.00 min

Run finished at 2026-04-21T10:36:05.662Z+01:00
Run complete. Outputs saved in beta_0.00000/

============================
 Job utilisation efficiency
============================

Job ID: 33198362
Cluster: viking2.yor.alces.network
User/Group: qcd511/clusterusers
State: COMPLETED (exit code 0)
Nodes: 1
Cores per node: 2
CPU Utilized: 00:59:38
CPU Efficiency: 99.22% of 01:00:06 core-walltime
Job Wall-clock time: 00:30:03
Memory Utilized: 1.33 GB
Memory Efficiency: 1.04% of 128.00 GB
 Requested wall clock time: 1-00:00:00
    Actual wall clock time: 00:30:03
Wall clock time efficiency: 2.1%
           Job queued time: 00:20:17
