
The following have been reloaded with a version change:
  1) XZ/5.4.2-GCCcore-12.3.0 => XZ/5.4.4-GCCcore-13.2.0
  2) bzip2/1.0.8-GCCcore-12.3.0 => bzip2/1.0.8-GCCcore-13.2.0

Starting GS2...
Starting GS2 run in directory: beta_0.02000 with beta = 0.02000
 Created by GS2 at 2026-04-21T09:59:35.320Z+01:00
 GS2 version: 8.2.1
 Run UUID: 022F2B66-383B-4844-BD1E-196A1E052116
 GK_SYSTEM: viking
 Compiler: gfortran
 Build tag: None

Running on 2 processors 


 Initialization             42.788 min   56.8 %
(field matrix invert         7.240 min    9.6 %)
(field matrix invert mpi     0.012 min    0.0 %)
(field matrix dump           0.000 min    0.0 %)
(field matrix read           0.000 min    0.0 %)
 Advance steps              32.573 min   43.2 %
(field solve                 5.378 min    7.1 %)
(field solve mpi             0.369 min    0.5 %)
(collisions                 30.282 min   40.2 %)
(collisions mpi              0.000 min    0.0 %)
(explicit/nl                 0.000 min    0.0 %)
(explicit/nl mpi             0.000 min    0.0 %)
(explicit/nl fft             0.000 min    0.0 %)
(explicit/nl fields          0.000 min    0.0 %)
(diagnostics                 0.002 min    0.0 %)
 Re-initialize               0.000 min    0.0 %
 Redistribute                7.210 min    9.6 %
(redistribute mpi            0.000 min    0.0 %)
(redistribute copy           7.210 min    9.6 %)
 Finishing                   0.002 min    0.0 %
 MPI                         1.327 min    1.8 %
(Overheads                   0.000 min    0.0 %)
(Collectives                 1.327 min    1.8 %)
(PTP                         0.000 min    0.0 %)
(Sync                        0.000 min    0.0 %)
 total from timer is:    75.38 min

Run finished at 2026-04-21T11:14:58.005Z+01:00
Run complete. Outputs saved in beta_0.02000/

============================
 Job utilisation efficiency
============================

Job ID: 33198350
Cluster: viking2.yor.alces.network
User/Group: qcd511/clusterusers
State: COMPLETED (exit code 0)
Nodes: 1
Cores per node: 2
CPU Utilized: 02:30:05
CPU Efficiency: 98.09% of 02:33:00 core-walltime
Job Wall-clock time: 01:16:30
Memory Utilized: 6.07 GB
Memory Efficiency: 4.75% of 128.00 GB
 Requested wall clock time: 1-00:00:00
    Actual wall clock time: 01:16:30
Wall clock time efficiency: 5.3%
           Job queued time: 00:13:23
