
The following have been reloaded with a version change:
  1) XZ/5.4.2-GCCcore-12.3.0 => XZ/5.4.4-GCCcore-13.2.0
  2) bzip2/1.0.8-GCCcore-12.3.0 => bzip2/1.0.8-GCCcore-13.2.0

Starting GS2...
Starting GS2 run in directory: beta_0.02000 with beta = 0.02000
 Created by GS2 at 2026-04-21T13:39:23.036Z+01:00
 GS2 version: 8.2.1
 Run UUID: 0B552952-646B-4709-AF74-62321026753A
 GK_SYSTEM: viking
 Compiler: gfortran
 Build tag: None

Running on 4 processors 


 Initialization             24.961 min   57.1 %
(field matrix invert         5.553 min   12.7 %)
(field matrix invert mpi     0.030 min    0.1 %)
(field matrix dump           0.000 min    0.0 %)
(field matrix read           0.000 min    0.0 %)
 Advance steps              18.774 min   42.9 %
(field solve                 4.465 min   10.2 %)
(field solve mpi             2.251 min    5.1 %)
(collisions                 19.354 min   44.2 %)
(collisions mpi              3.480 min    8.0 %)
(explicit/nl                 0.000 min    0.0 %)
(explicit/nl mpi             0.000 min    0.0 %)
(explicit/nl fft             0.000 min    0.0 %)
(explicit/nl fields          0.000 min    0.0 %)
(diagnostics                 0.002 min    0.0 %)
 Re-initialize               0.000 min    0.0 %
 Redistribute                6.710 min   15.3 %
(redistribute mpi            3.481 min    8.0 %)
(redistribute copy           3.229 min    7.4 %)
 Finishing                   0.001 min    0.0 %
 MPI                         6.224 min   14.2 %
(Overheads                   0.000 min    0.0 %)
(Collectives                 2.743 min    6.3 %)
(PTP                         0.004 min    0.0 %)
(Sync                        3.476 min    7.9 %)
 total from timer is:    43.74 min

Run finished at 2026-04-21T14:23:07.530Z+01:00
Run complete. Outputs saved in beta_0.02000/

============================
 Job utilisation efficiency
============================

Job ID: 33200138
Cluster: viking2.yor.alces.network
User/Group: qcd511/clusterusers
State: COMPLETED (exit code 0)
Nodes: 1
Cores per node: 4
CPU Utilized: 02:54:18
CPU Efficiency: 99.49% of 02:55:12 core-walltime
Job Wall-clock time: 00:43:48
Memory Utilized: 9.35 GB
Memory Efficiency: 7.30% of 128.00 GB
 Requested wall clock time: 1-00:00:00
    Actual wall clock time: 00:43:48
Wall clock time efficiency: 3.0%
           Job queued time: 00:15:09
