
The following have been reloaded with a version change:
  1) XZ/5.4.2-GCCcore-12.3.0 => XZ/5.4.4-GCCcore-13.2.0
  2) bzip2/1.0.8-GCCcore-12.3.0 => bzip2/1.0.8-GCCcore-13.2.0

Starting GS2...
Starting GS2 run in directory: beta_0.00800 with beta = 0.00800
 Created by GS2 at 2026-04-21T10:03:36.011Z+01:00
 GS2 version: 8.2.1
 Run UUID: 1B7B3812-550C-4553-9D4F-20463437011E
 GK_SYSTEM: viking
 Compiler: gfortran
 Build tag: None

Running on 2 processors 


 Initialization             32.185 min   58.9 %
(field matrix invert         5.273 min    9.6 %)
(field matrix invert mpi     0.008 min    0.0 %)
(field matrix dump           0.000 min    0.0 %)
(field matrix read           0.000 min    0.0 %)
 Advance steps              22.464 min   41.1 %
(field solve                 3.025 min    5.5 %)
(field solve mpi             0.266 min    0.5 %)
(collisions                 22.419 min   41.0 %)
(collisions mpi              0.000 min    0.0 %)
(explicit/nl                 0.000 min    0.0 %)
(explicit/nl mpi             0.000 min    0.0 %)
(explicit/nl fft             0.000 min    0.0 %)
(explicit/nl fields          0.000 min    0.0 %)
(diagnostics                 0.002 min    0.0 %)
 Re-initialize               0.000 min    0.0 %
 Redistribute                5.923 min   10.8 %
(redistribute mpi            0.000 min    0.0 %)
(redistribute copy           5.923 min   10.8 %)
 Finishing                   0.001 min    0.0 %
 MPI                         0.980 min    1.8 %
(Overheads                   0.000 min    0.0 %)
(Collectives                 0.980 min    1.8 %)
(PTP                         0.000 min    0.0 %)
(Sync                        0.000 min    0.0 %)
 total from timer is:    54.65 min

Run finished at 2026-04-21T10:58:15.219Z+01:00
Run complete. Outputs saved in beta_0.00800/

============================
 Job utilisation efficiency
============================

Job ID: 33198355
Cluster: viking2.yor.alces.network
User/Group: qcd511/clusterusers
State: COMPLETED (exit code 0)
Nodes: 1
Cores per node: 2
CPU Utilized: 01:48:56
CPU Efficiency: 99.51% of 01:49:28 core-walltime
Job Wall-clock time: 00:54:44
Memory Utilized: 6.08 GB
Memory Efficiency: 4.75% of 128.00 GB
 Requested wall clock time: 1-00:00:00
    Actual wall clock time: 00:54:44
Wall clock time efficiency: 3.8%
           Job queued time: 00:17:59
