
The following have been reloaded with a version change:
  1) XZ/5.4.2-GCCcore-12.3.0 => XZ/5.4.4-GCCcore-13.2.0
  2) bzip2/1.0.8-GCCcore-12.3.0 => bzip2/1.0.8-GCCcore-13.2.0

Starting GS2...
Starting GS2 run in directory: beta_0.01400 with beta = 0.01400
 Created by GS2 at 2026-04-21T13:24:22.750Z+01:00
 GS2 version: 8.2.1
 Run UUID: 5545532A-2F23-4978-8F7B-2B6F48505660
 GK_SYSTEM: viking
 Compiler: gfortran
 Build tag: None

Running on 4 processors 


 Initialization             23.262 min   57.5 %
(field matrix invert         5.256 min   13.0 %)
(field matrix invert mpi     0.020 min    0.0 %)
(field matrix dump           0.000 min    0.0 %)
(field matrix read           0.000 min    0.0 %)
 Advance steps              17.159 min   42.4 %
(field solve                 3.967 min    9.8 %)
(field solve mpi             0.201 min    0.5 %)
(collisions                 16.867 min   41.7 %)
(collisions mpi              0.674 min    1.7 %)
(explicit/nl                 0.000 min    0.0 %)
(explicit/nl mpi             0.000 min    0.0 %)
(explicit/nl fft             0.000 min    0.0 %)
(explicit/nl fields          0.000 min    0.0 %)
(diagnostics                 0.002 min    0.0 %)
 Re-initialize               0.000 min    0.0 %
 Redistribute                4.462 min   11.0 %
(redistribute mpi            0.675 min    1.7 %)
(redistribute copy           3.787 min    9.4 %)
 Finishing                   0.001 min    0.0 %
 MPI                         1.317 min    3.3 %
(Overheads                   0.000 min    0.0 %)
(Collectives                 0.643 min    1.6 %)
(PTP                         0.004 min    0.0 %)
(Sync                        0.671 min    1.7 %)
 total from timer is:    40.43 min

Run finished at 2026-04-21T14:04:48.355Z+01:00
Run complete. Outputs saved in beta_0.01400/

============================
 Job utilisation efficiency
============================

Job ID: 33200135
Cluster: viking2.yor.alces.network
User/Group: qcd511/clusterusers
State: COMPLETED (exit code 0)
Nodes: 1
Cores per node: 4
CPU Utilized: 02:41:00
CPU Efficiency: 99.42% of 02:41:56 core-walltime
Job Wall-clock time: 00:40:29
Memory Utilized: 8.85 GB
Memory Efficiency: 6.92% of 128.00 GB
 Requested wall clock time: 1-00:00:00
    Actual wall clock time: 00:40:29
Wall clock time efficiency: 2.8%
           Job queued time: 00:00:10
