
The following have been reloaded with a version change:
  1) XZ/5.4.2-GCCcore-12.3.0 => XZ/5.4.4-GCCcore-13.2.0
  2) bzip2/1.0.8-GCCcore-12.3.0 => bzip2/1.0.8-GCCcore-13.2.0

Starting GS2...
Starting GS2 run in directory: beta_0.01600 with beta = 0.01600
 Created by GS2 at 2026-04-21T13:24:36.279Z+01:00
 GS2 version: 8.2.1
 Run UUID: 050C5879-2A1D-4A07-BF5B-1116266A6D1E
 GK_SYSTEM: viking
 Compiler: gfortran
 Build tag: None

Running on 4 processors 


 Initialization             23.796 min   57.2 %
(field matrix invert         5.489 min   13.2 %)
(field matrix invert mpi     0.020 min    0.0 %)
(field matrix dump           0.000 min    0.0 %)
(field matrix read           0.000 min    0.0 %)
 Advance steps              17.760 min   42.7 %
(field solve                 4.172 min   10.0 %)
(field solve mpi             0.270 min    0.6 %)
(collisions                 17.318 min   41.7 %)
(collisions mpi              0.637 min    1.5 %)
(explicit/nl                 0.000 min    0.0 %)
(explicit/nl mpi             0.000 min    0.0 %)
(explicit/nl fft             0.000 min    0.0 %)
(explicit/nl fields          0.000 min    0.0 %)
(diagnostics                 0.002 min    0.0 %)
 Re-initialize               0.000 min    0.0 %
 Redistribute                4.593 min   11.0 %
(redistribute mpi            0.638 min    1.5 %)
(redistribute copy           3.955 min    9.5 %)
 Finishing                   0.001 min    0.0 %
 MPI                         1.405 min    3.4 %
(Overheads                   0.000 min    0.0 %)
(Collectives                 0.767 min    1.8 %)
(PTP                         0.004 min    0.0 %)
(Sync                        0.634 min    1.5 %)
 total from timer is:    41.57 min

Run finished at 2026-04-21T14:06:10.317Z+01:00
Run complete. Outputs saved in beta_0.01600/

============================
 Job utilisation efficiency
============================

Job ID: 33200131
Cluster: viking2.yor.alces.network
User/Group: qcd511/clusterusers
State: COMPLETED (exit code 0)
Nodes: 1
Cores per node: 4
CPU Utilized: 02:45:36
CPU Efficiency: 98.92% of 02:47:24 core-walltime
Job Wall-clock time: 00:41:51
Memory Utilized: 8.85 GB
Memory Efficiency: 6.92% of 128.00 GB
 Requested wall clock time: 1-00:00:00
    Actual wall clock time: 00:41:51
Wall clock time efficiency: 2.9%
           Job queued time: 00:00:16
