
The following have been reloaded with a version change:
  1) XZ/5.4.2-GCCcore-12.3.0 => XZ/5.4.4-GCCcore-13.2.0
  2) bzip2/1.0.8-GCCcore-12.3.0 => bzip2/1.0.8-GCCcore-13.2.0

Starting GS2...
Starting GS2 run in directory: beta_0.01400 with beta = 0.01400
 Created by GS2 at 2026-04-21T14:06:23.643Z+01:00
 GS2 version: 8.2.1
 Run UUID: 092B3971-5D28-4E15-B369-0151435D220A
 GK_SYSTEM: viking
 Compiler: gfortran
 Build tag: None

Running on 4 processors 


 Initialization             24.381 min   57.6 %
(field matrix invert         5.557 min   13.1 %)
(field matrix invert mpi     0.021 min    0.0 %)
(field matrix dump           0.000 min    0.0 %)
(field matrix read           0.000 min    0.0 %)
 Advance steps              17.936 min   42.4 %
(field solve                 4.122 min    9.7 %)
(field solve mpi             0.153 min    0.4 %)
(collisions                 17.890 min   42.3 %)
(collisions mpi              0.687 min    1.6 %)
(explicit/nl                 0.000 min    0.0 %)
(explicit/nl mpi             0.000 min    0.0 %)
(explicit/nl fft             0.000 min    0.0 %)
(explicit/nl fields          0.000 min    0.0 %)
(diagnostics                 0.002 min    0.0 %)
 Re-initialize               0.000 min    0.0 %
 Redistribute                4.798 min   11.3 %
(redistribute mpi            0.687 min    1.6 %)
(redistribute copy           4.110 min    9.7 %)
 Finishing                   0.001 min    0.0 %
 MPI                         1.354 min    3.2 %
(Overheads                   0.000 min    0.0 %)
(Collectives                 0.667 min    1.6 %)
(PTP                         0.003 min    0.0 %)
(Sync                        0.684 min    1.6 %)
 total from timer is:    42.32 min

Run finished at 2026-04-21T14:48:43.117Z+01:00
Run complete. Outputs saved in beta_0.01400/

============================
 Job utilisation efficiency
============================

Job ID: 33200162
Cluster: viking2.yor.alces.network
User/Group: qcd511/clusterusers
State: COMPLETED (exit code 0)
Nodes: 1
Cores per node: 4
CPU Utilized: 02:48:39
CPU Efficiency: 98.51% of 02:51:12 core-walltime
Job Wall-clock time: 00:42:48
Memory Utilized: 8.86 GB
Memory Efficiency: 6.92% of 128.00 GB
 Requested wall clock time: 1-00:00:00
    Actual wall clock time: 00:42:48
Wall clock time efficiency: 3.0%
           Job queued time: 00:40:59
