
The following have been reloaded with a version change:
  1) XZ/5.4.2-GCCcore-12.3.0 => XZ/5.4.4-GCCcore-13.2.0
  2) bzip2/1.0.8-GCCcore-12.3.0 => bzip2/1.0.8-GCCcore-13.2.0

Starting GS2...
Starting GS2 run in directory: beta_0.02000 with beta = 0.02000
 Created by GS2 at 2026-04-21T13:59:16.414Z+01:00
 GS2 version: 8.2.1
 Run UUID: 33773A60-4D42-4C3C-B741-383C29541507
 GK_SYSTEM: viking
 Compiler: gfortran
 Build tag: None

Running on 4 processors 


 Initialization             19.141 min   59.7 %
(field matrix invert         5.543 min   17.3 %)
(field matrix invert mpi     0.015 min    0.0 %)
(field matrix dump           0.000 min    0.0 %)
(field matrix read           0.000 min    0.0 %)
 Advance steps              12.906 min   40.3 %
(field solve                 2.338 min    7.3 %)
(field solve mpi             0.419 min    1.3 %)
(collisions                 11.545 min   36.0 %)
(collisions mpi              1.220 min    3.8 %)
(explicit/nl                 0.000 min    0.0 %)
(explicit/nl mpi             0.000 min    0.0 %)
(explicit/nl fft             0.000 min    0.0 %)
(explicit/nl fields          0.000 min    0.0 %)
(diagnostics                 0.002 min    0.0 %)
 Re-initialize               0.000 min    0.0 %
 Redistribute                3.442 min   10.7 %
(redistribute mpi            1.220 min    3.8 %)
(redistribute copy           2.222 min    6.9 %)
 Finishing                   0.001 min    0.0 %
 MPI                         2.218 min    6.9 %
(Overheads                   0.000 min    0.0 %)
(Collectives                 0.998 min    3.1 %)
(PTP                         0.003 min    0.0 %)
(Sync                        1.217 min    3.8 %)
 total from timer is:    32.05 min

Run finished at 2026-04-21T14:31:19.578Z+01:00
Run complete. Outputs saved in beta_0.02000/

============================
 Job utilisation efficiency
============================

Job ID: 33200143
Cluster: viking2.yor.alces.network
User/Group: qcd511/clusterusers
State: COMPLETED (exit code 0)
Nodes: 1
Cores per node: 4
CPU Utilized: 02:07:39
CPU Efficiency: 98.09% of 02:10:08 core-walltime
Job Wall-clock time: 00:32:32
Memory Utilized: 8.85 GB
Memory Efficiency: 6.91% of 128.00 GB
 Requested wall clock time: 1-00:00:00
    Actual wall clock time: 00:32:32
Wall clock time efficiency: 2.3%
           Job queued time: 00:34:21
