
The following have been reloaded with a version change:
  1) XZ/5.4.2-GCCcore-12.3.0 => XZ/5.4.4-GCCcore-13.2.0
  2) bzip2/1.0.8-GCCcore-12.3.0 => bzip2/1.0.8-GCCcore-13.2.0

Starting GS2...
Starting GS2 run in directory: beta_0.00400 with beta = 0.00400
 Created by GS2 at 2026-04-21T10:06:05.977Z+01:00
 GS2 version: 8.2.1
 Run UUID: 566E3F57-5469-4A06-B53E-1D3B774E3714
 GK_SYSTEM: viking
 Compiler: gfortran
 Build tag: None

Running on 2 processors 


 Initialization             49.384 min   53.7 %
(field matrix invert         5.435 min    5.9 %)
(field matrix invert mpi     0.018 min    0.0 %)
(field matrix dump           0.000 min    0.0 %)
(field matrix read           0.000 min    0.0 %)
 Advance steps              42.571 min   46.3 %
(field solve                 8.145 min    8.9 %)
(field solve mpi             0.046 min    0.0 %)
(collisions                 46.588 min   50.7 %)
(collisions mpi              0.000 min    0.0 %)
(explicit/nl                 0.000 min    0.0 %)
(explicit/nl mpi             0.000 min    0.0 %)
(explicit/nl fft             0.000 min    0.0 %)
(explicit/nl fields          0.000 min    0.0 %)
(diagnostics                 0.003 min    0.0 %)
 Re-initialize               0.000 min    0.0 %
 Redistribute               10.275 min   11.2 %
(redistribute mpi            0.000 min    0.0 %)
(redistribute copy          10.275 min   11.2 %)
 Finishing                   0.001 min    0.0 %
 MPI                         0.390 min    0.4 %
(Overheads                   0.000 min    0.0 %)
(Collectives                 0.390 min    0.4 %)
(PTP                         0.000 min    0.0 %)
(Sync                        0.000 min    0.0 %)
 total from timer is:    91.96 min

Run finished at 2026-04-21T11:38:03.732Z+01:00
Run complete. Outputs saved in beta_0.00400/

============================
 Job utilisation efficiency
============================

Job ID: 33198364
Cluster: viking2.yor.alces.network
User/Group: qcd511/clusterusers
State: COMPLETED (exit code 0)
Nodes: 1
Cores per node: 2
CPU Utilized: 03:03:11
CPU Efficiency: 99.54% of 03:04:02 core-walltime
Job Wall-clock time: 01:32:01
Memory Utilized: 6.08 GB
Memory Efficiency: 4.75% of 128.00 GB
 Requested wall clock time: 1-00:00:00
    Actual wall clock time: 01:32:01
Wall clock time efficiency: 6.4%
           Job queued time: 00:20:17
