
The following have been reloaded with a version change:
  1) XZ/5.4.2-GCCcore-12.3.0 => XZ/5.4.4-GCCcore-13.2.0
  2) bzip2/1.0.8-GCCcore-12.3.0 => bzip2/1.0.8-GCCcore-13.2.0

Starting GS2...
Starting GS2 run in directory: beta_0.01800 with beta = 0.01800
 Created by GS2 at 2026-04-21T13:24:22.661Z+01:00
 GS2 version: 8.2.1
 Run UUID: 17663745-0D29-4442-9576-1A7A6D593A2D
 GK_SYSTEM: viking
 Compiler: gfortran
 Build tag: None

Running on 4 processors 


 Initialization             23.404 min   57.0 %
(field matrix invert         5.268 min   12.8 %)
(field matrix invert mpi     0.020 min    0.0 %)
(field matrix dump           0.000 min    0.0 %)
(field matrix read           0.000 min    0.0 %)
 Advance steps              17.684 min   43.0 %
(field solve                 4.107 min   10.0 %)
(field solve mpi             0.200 min    0.5 %)
(collisions                 17.212 min   41.9 %)
(collisions mpi              0.654 min    1.6 %)
(explicit/nl                 0.000 min    0.0 %)
(explicit/nl mpi             0.000 min    0.0 %)
(explicit/nl fft             0.000 min    0.0 %)
(explicit/nl fields          0.000 min    0.0 %)
(diagnostics                 0.002 min    0.0 %)
 Re-initialize               0.000 min    0.0 %
 Redistribute                4.541 min   11.1 %
(redistribute mpi            0.655 min    1.6 %)
(redistribute copy           3.886 min    9.5 %)
 Finishing                   0.001 min    0.0 %
 MPI                         1.401 min    3.4 %
(Overheads                   0.000 min    0.0 %)
(Collectives                 0.746 min    1.8 %)
(PTP                         0.004 min    0.0 %)
(Sync                        0.651 min    1.6 %)
 total from timer is:    41.09 min

Run finished at 2026-04-21T14:05:28.282Z+01:00
Run complete. Outputs saved in beta_0.01800/

============================
 Job utilisation efficiency
============================

Job ID: 33200132
Cluster: viking2.yor.alces.network
User/Group: qcd511/clusterusers
State: COMPLETED (exit code 0)
Nodes: 1
Cores per node: 4
CPU Utilized: 02:43:45
CPU Efficiency: 99.48% of 02:44:36 core-walltime
Job Wall-clock time: 00:41:09
Memory Utilized: 8.91 GB
Memory Efficiency: 6.96% of 128.00 GB
 Requested wall clock time: 1-00:00:00
    Actual wall clock time: 00:41:09
Wall clock time efficiency: 2.9%
           Job queued time: 00:00:16
