
The following have been reloaded with a version change:
  1) XZ/5.4.2-GCCcore-12.3.0 => XZ/5.4.4-GCCcore-13.2.0
  2) bzip2/1.0.8-GCCcore-12.3.0 => bzip2/1.0.8-GCCcore-13.2.0

Starting GS2...
Starting GS2 run in directory: beta_0.00000 with beta = 0.00000
 Created by GS2 at 2026-04-21T10:00:02.812Z+01:00
 GS2 version: 8.2.1
 Run UUID: 01567C39-1368-4569-AD1A-4A6A284D574F
 GK_SYSTEM: viking
 Compiler: gfortran
 Build tag: None

Running on 2 processors 


 Initialization              8.004 min   28.1 %
(field matrix invert         0.211 min    0.7 %)
(field matrix invert mpi     0.001 min    0.0 %)
(field matrix dump           0.000 min    0.0 %)
(field matrix read           0.000 min    0.0 %)
 Advance steps              20.438 min   71.8 %
(field solve                 0.641 min    2.3 %)
(field solve mpi             0.009 min    0.0 %)
(collisions                 13.504 min   47.5 %)
(collisions mpi              0.000 min    0.0 %)
(explicit/nl                 0.000 min    0.0 %)
(explicit/nl mpi             0.000 min    0.0 %)
(explicit/nl fft             0.000 min    0.0 %)
(explicit/nl fields          0.000 min    0.0 %)
(diagnostics                 0.002 min    0.0 %)
 Re-initialize               0.000 min    0.0 %
 Redistribute                3.296 min   11.6 %
(redistribute mpi            0.000 min    0.0 %)
(redistribute copy           3.296 min   11.6 %)
 Finishing                   0.001 min    0.0 %
 MPI                         0.013 min    0.0 %
(Overheads                   0.000 min    0.0 %)
(Collectives                 0.013 min    0.0 %)
(PTP                         0.000 min    0.0 %)
(Sync                        0.000 min    0.0 %)
 total from timer is:    28.45 min

Run finished at 2026-04-21T10:28:29.624Z+01:00
Run complete. Outputs saved in beta_0.00000/

============================
 Job utilisation efficiency
============================

Job ID: 33198351
Cluster: viking2.yor.alces.network
User/Group: qcd511/clusterusers
State: COMPLETED (exit code 0)
Nodes: 1
Cores per node: 2
CPU Utilized: 00:56:33
CPU Efficiency: 99.21% of 00:57:00 core-walltime
Job Wall-clock time: 00:28:30
Memory Utilized: 1.69 GB
Memory Efficiency: 1.32% of 128.00 GB
 Requested wall clock time: 1-00:00:00
    Actual wall clock time: 00:28:30
Wall clock time efficiency: 2.0%
           Job queued time: 00:14:27
