
The following have been reloaded with a version change:
  1) XZ/5.4.2-GCCcore-12.3.0 => XZ/5.4.4-GCCcore-13.2.0
  2) bzip2/1.0.8-GCCcore-12.3.0 => bzip2/1.0.8-GCCcore-13.2.0

Starting GS2...
Starting GS2 run in directory: beta_0.01600 with beta = 0.01600
 Created by GS2 at 2026-04-21T13:58:50.894Z+01:00
 GS2 version: 8.2.1
 Run UUID: 0A32374E-2658-4A77-A32D-34430712070F
 GK_SYSTEM: viking
 Compiler: gfortran
 Build tag: None

Running on 4 processors 


 Initialization             18.791 min   60.8 %
(field matrix invert         5.561 min   18.0 %)
(field matrix invert mpi     0.015 min    0.0 %)
(field matrix dump           0.000 min    0.0 %)
(field matrix read           0.000 min    0.0 %)
 Advance steps              12.110 min   39.2 %
(field solve                 2.191 min    7.1 %)
(field solve mpi             0.769 min    2.5 %)
(collisions                 10.856 min   35.1 %)
(collisions mpi              1.304 min    4.2 %)
(explicit/nl                 0.000 min    0.0 %)
(explicit/nl mpi             0.000 min    0.0 %)
(explicit/nl fft             0.000 min    0.0 %)
(explicit/nl fields          0.000 min    0.0 %)
(diagnostics                 0.002 min    0.0 %)
 Re-initialize               0.000 min    0.0 %
 Redistribute                3.208 min   10.4 %
(redistribute mpi            1.305 min    4.2 %)
(redistribute copy           1.903 min    6.2 %)
 Finishing                   0.000 min    0.0 %
 MPI                         2.864 min    9.3 %
(Overheads                   0.000 min    0.0 %)
(Collectives                 1.559 min    5.0 %)
(PTP                         0.004 min    0.0 %)
(Sync                        1.301 min    4.2 %)
 total from timer is:    30.91 min

Run finished at 2026-04-21T14:29:45.228Z+01:00
Run complete. Outputs saved in beta_0.01600/

============================
 Job utilisation efficiency
============================

Job ID: 33200141
Cluster: viking2.yor.alces.network
User/Group: qcd511/clusterusers
State: COMPLETED (exit code 0)
Nodes: 1
Cores per node: 4
CPU Utilized: 02:02:49
CPU Efficiency: 99.15% of 02:03:52 core-walltime
Job Wall-clock time: 00:30:58
Memory Utilized: 8.85 GB
Memory Efficiency: 6.92% of 128.00 GB
 Requested wall clock time: 1-00:00:00
    Actual wall clock time: 00:30:58
Wall clock time efficiency: 2.2%
           Job queued time: 00:34:21
