
The following have been reloaded with a version change:
  1) XZ/5.4.2-GCCcore-12.3.0 => XZ/5.4.4-GCCcore-13.2.0
  2) bzip2/1.0.8-GCCcore-12.3.0 => bzip2/1.0.8-GCCcore-13.2.0

Starting GS2...
Starting GS2 run in directory: beta_0.01800 with beta = 0.01800
 Created by GS2 at 2026-04-21T10:09:10.483Z+01:00
 GS2 version: 8.2.1
 Run UUID: 2902060A-1E5D-4754-9F0E-0A562A515C1A
 GK_SYSTEM: viking
 Compiler: gfortran
 Build tag: None

Running on 2 processors 


 Initialization             39.482 min   62.5 %
(field matrix invert         5.349 min    8.5 %)
(field matrix invert mpi     0.011 min    0.0 %)
(field matrix dump           0.000 min    0.0 %)
(field matrix read           0.000 min    0.0 %)
 Advance steps              23.723 min   37.5 %
(field solve                 3.853 min    6.1 %)
(field solve mpi             0.097 min    0.2 %)
(collisions                 27.880 min   44.1 %)
(collisions mpi              0.000 min    0.0 %)
(explicit/nl                 0.000 min    0.0 %)
(explicit/nl mpi             0.000 min    0.0 %)
(explicit/nl fft             0.000 min    0.0 %)
(explicit/nl fields          0.000 min    0.0 %)
(diagnostics                 0.002 min    0.0 %)
 Re-initialize               0.000 min    0.0 %
 Redistribute                6.887 min   10.9 %
(redistribute mpi            0.000 min    0.0 %)
(redistribute copy           6.887 min   10.9 %)
 Finishing                   0.001 min    0.0 %
 MPI                         0.229 min    0.4 %
(Overheads                   0.000 min    0.0 %)
(Collectives                 0.229 min    0.4 %)
(PTP                         0.000 min    0.0 %)
(Sync                        0.000 min    0.0 %)
 total from timer is:    63.22 min

Run finished at 2026-04-21T11:12:23.537Z+01:00
Run complete. Outputs saved in beta_0.01800/

============================
 Job utilisation efficiency
============================

Job ID: 33198371
Cluster: viking2.yor.alces.network
User/Group: qcd511/clusterusers
State: COMPLETED (exit code 0)
Nodes: 1
Cores per node: 2
CPU Utilized: 02:05:53
CPU Efficiency: 97.84% of 02:08:40 core-walltime
Job Wall-clock time: 01:04:20
Memory Utilized: 6.02 GB
Memory Efficiency: 4.70% of 128.00 GB
 Requested wall clock time: 1-00:00:00
    Actual wall clock time: 01:04:20
Wall clock time efficiency: 4.5%
           Job queued time: 00:22:17
