
The following have been reloaded with a version change:
  1) XZ/5.4.2-GCCcore-12.3.0 => XZ/5.4.4-GCCcore-13.2.0
  2) bzip2/1.0.8-GCCcore-12.3.0 => bzip2/1.0.8-GCCcore-13.2.0

Starting GS2...
Starting GS2 run in directory: beta_0.00600 with beta = 0.00600
 Created by GS2 at 2026-04-21T10:06:35.551Z+01:00
 GS2 version: 8.2.1
 Run UUID: 7B41775B-1970-4D01-AF2B-170F06217D4D
 GK_SYSTEM: viking
 Compiler: gfortran
 Build tag: None

Running on 2 processors 


 Initialization             49.534 min   53.8 %
(field matrix invert         5.440 min    5.9 %)
(field matrix invert mpi     0.015 min    0.0 %)
(field matrix dump           0.000 min    0.0 %)
(field matrix read           0.000 min    0.0 %)
 Advance steps              42.569 min   46.2 %
(field solve                 7.797 min    8.5 %)
(field solve mpi             0.099 min    0.1 %)
(collisions                 46.863 min   50.9 %)
(collisions mpi              0.000 min    0.0 %)
(explicit/nl                 0.000 min    0.0 %)
(explicit/nl mpi             0.000 min    0.0 %)
(explicit/nl fft             0.000 min    0.0 %)
(explicit/nl fields          0.000 min    0.0 %)
(diagnostics                 0.003 min    0.0 %)
 Re-initialize               0.000 min    0.0 %
 Redistribute               12.093 min   13.1 %
(redistribute mpi            0.000 min    0.0 %)
(redistribute copy          12.093 min   13.1 %)
 Finishing                   0.001 min    0.0 %
 MPI                         0.193 min    0.2 %
(Overheads                   0.000 min    0.0 %)
(Collectives                 0.193 min    0.2 %)
(PTP                         0.000 min    0.0 %)
(Sync                        0.000 min    0.0 %)
 total from timer is:    92.11 min

Run finished at 2026-04-21T11:38:42.177Z+01:00
Run complete. Outputs saved in beta_0.00600/

============================
 Job utilisation efficiency
============================

Job ID: 33198365
Cluster: viking2.yor.alces.network
User/Group: qcd511/clusterusers
State: COMPLETED (exit code 0)
Nodes: 1
Cores per node: 2
CPU Utilized: 03:03:31
CPU Efficiency: 99.56% of 03:04:20 core-walltime
Job Wall-clock time: 01:32:10
Memory Utilized: 6.08 GB
Memory Efficiency: 4.75% of 128.00 GB
 Requested wall clock time: 1-00:00:00
    Actual wall clock time: 01:32:10
Wall clock time efficiency: 6.4%
           Job queued time: 00:20:47
