
The following have been reloaded with a version change:
  1) XZ/5.4.2-GCCcore-12.3.0 => XZ/5.4.4-GCCcore-13.2.0
  2) bzip2/1.0.8-GCCcore-12.3.0 => bzip2/1.0.8-GCCcore-13.2.0

Starting GS2...
Starting GS2 run in directory: beta_0.02000 with beta = 0.02000
 Created by GS2 at 2026-04-21T13:58:51.025Z+01:00
 GS2 version: 8.2.1
 Run UUID: 1B43796B-6E66-4D24-AD16-5D584A64113B
 GK_SYSTEM: viking
 Compiler: gfortran
 Build tag: None

Running on 4 processors 


 Initialization             23.680 min   57.9 %
(field matrix invert         5.513 min   13.5 %)
(field matrix invert mpi     0.020 min    0.0 %)
(field matrix dump           0.000 min    0.0 %)
(field matrix read           0.000 min    0.0 %)
 Advance steps              17.242 min   42.1 %
(field solve                 4.086 min   10.0 %)
(field solve mpi             0.312 min    0.8 %)
(collisions                 16.858 min   41.2 %)
(collisions mpi              0.661 min    1.6 %)
(explicit/nl                 0.000 min    0.0 %)
(explicit/nl mpi             0.000 min    0.0 %)
(explicit/nl fft             0.000 min    0.0 %)
(explicit/nl fields          0.000 min    0.0 %)
(diagnostics                 0.002 min    0.0 %)
 Re-initialize               0.000 min    0.0 %
 Redistribute                4.578 min   11.2 %
(redistribute mpi            0.661 min    1.6 %)
(redistribute copy           3.917 min    9.6 %)
 Finishing                   0.000 min    0.0 %
 MPI                         1.485 min    3.6 %
(Overheads                   0.000 min    0.0 %)
(Collectives                 0.823 min    2.0 %)
(PTP                         0.003 min    0.0 %)
(Sync                        0.658 min    1.6 %)
 total from timer is:    40.93 min

Run finished at 2026-04-21T14:39:46.687Z+01:00
Run complete. Outputs saved in beta_0.02000/

============================
 Job utilisation efficiency
============================

Job ID: 33200148
Cluster: viking2.yor.alces.network
User/Group: qcd511/clusterusers
State: COMPLETED (exit code 0)
Nodes: 1
Cores per node: 4
CPU Utilized: 02:43:05
CPU Efficiency: 99.48% of 02:43:56 core-walltime
Job Wall-clock time: 00:40:59
Memory Utilized: 8.86 GB
Memory Efficiency: 6.92% of 128.00 GB
 Requested wall clock time: 1-00:00:00
    Actual wall clock time: 00:40:59
Wall clock time efficiency: 2.8%
           Job queued time: 00:34:12
