
The following have been reloaded with a version change:
  1) XZ/5.4.2-GCCcore-12.3.0 => XZ/5.4.4-GCCcore-13.2.0
  2) bzip2/1.0.8-GCCcore-12.3.0 => bzip2/1.0.8-GCCcore-13.2.0

Starting GS2...
Starting GS2 run in directory: beta_0.00200 with beta = 0.00200
 Created by GS2 at 2026-04-21T10:08:37.374Z+01:00
 GS2 version: 8.2.1
 Run UUID: 2765381F-070B-413E-A12D-2B5C58733A22
 GK_SYSTEM: viking
 Compiler: gfortran
 Build tag: None

Running on 2 processors 


 Initialization             37.233 min   56.9 %
(field matrix invert         5.340 min    8.2 %)
(field matrix invert mpi     0.010 min    0.0 %)
(field matrix dump           0.000 min    0.0 %)
(field matrix read           0.000 min    0.0 %)
 Advance steps              28.152 min   43.1 %
(field solve                 5.406 min    8.3 %)
(field solve mpi             0.303 min    0.5 %)
(collisions                 28.593 min   43.7 %)
(collisions mpi              0.000 min    0.0 %)
(explicit/nl                 0.000 min    0.0 %)
(explicit/nl mpi             0.000 min    0.0 %)
(explicit/nl fft             0.000 min    0.0 %)
(explicit/nl fields          0.000 min    0.0 %)
(diagnostics                 0.002 min    0.0 %)
 Re-initialize               0.000 min    0.0 %
 Redistribute                7.609 min   11.6 %
(redistribute mpi            0.000 min    0.0 %)
(redistribute copy           7.609 min   11.6 %)
 Finishing                   0.000 min    0.0 %
 MPI                         1.049 min    1.6 %
(Overheads                   0.000 min    0.0 %)
(Collectives                 1.049 min    1.6 %)
(PTP                         0.000 min    0.0 %)
(Sync                        0.000 min    0.0 %)
 total from timer is:    65.39 min

Run finished at 2026-04-21T11:14:00.749Z+01:00
Run complete. Outputs saved in beta_0.00200/

============================
 Job utilisation efficiency
============================

Job ID: 33198374
Cluster: viking2.yor.alces.network
User/Group: qcd511/clusterusers
State: COMPLETED (exit code 0)
Nodes: 1
Cores per node: 2
CPU Utilized: 02:10:17
CPU Efficiency: 99.53% of 02:10:54 core-walltime
Job Wall-clock time: 01:05:27
Memory Utilized: 6.07 GB
Memory Efficiency: 4.74% of 128.00 GB
 Requested wall clock time: 1-00:00:00
    Actual wall clock time: 01:05:27
Wall clock time efficiency: 4.5%
           Job queued time: 00:22:35
