
The following have been reloaded with a version change:
  1) XZ/5.4.2-GCCcore-12.3.0 => XZ/5.4.4-GCCcore-13.2.0
  2) bzip2/1.0.8-GCCcore-12.3.0 => bzip2/1.0.8-GCCcore-13.2.0

Starting GS2...
Starting GS2 run in directory: beta_0.01800 with beta = 0.01800
 Created by GS2 at 2026-04-21T14:04:57.620Z+01:00
 GS2 version: 8.2.1
 Run UUID: 7747213C-4D7E-4A41-8700-501B0C5A2150
 GK_SYSTEM: viking
 Compiler: gfortran
 Build tag: None

Running on 4 processors 


 Initialization             23.166 min   57.6 %
(field matrix invert         5.275 min   13.1 %)
(field matrix invert mpi     0.020 min    0.0 %)
(field matrix dump           0.000 min    0.0 %)
(field matrix read           0.000 min    0.0 %)
 Advance steps              17.041 min   42.4 %
(field solve                 3.962 min    9.9 %)
(field solve mpi             0.214 min    0.5 %)
(collisions                 16.951 min   42.2 %)
(collisions mpi              0.863 min    2.1 %)
(explicit/nl                 0.000 min    0.0 %)
(explicit/nl mpi             0.000 min    0.0 %)
(explicit/nl fft             0.000 min    0.0 %)
(explicit/nl fields          0.000 min    0.0 %)
(diagnostics                 0.002 min    0.0 %)
 Re-initialize               0.000 min    0.0 %
 Redistribute                4.649 min   11.6 %
(redistribute mpi            0.863 min    2.1 %)
(redistribute copy           3.786 min    9.4 %)
 Finishing                   0.001 min    0.0 %
 MPI                         1.467 min    3.6 %
(Overheads                   0.000 min    0.0 %)
(Collectives                 0.603 min    1.5 %)
(PTP                         0.004 min    0.0 %)
(Sync                        0.859 min    2.1 %)
 total from timer is:    40.21 min

Run finished at 2026-04-21T14:45:10.412Z+01:00
Run complete. Outputs saved in beta_0.01800/

============================
 Job utilisation efficiency
============================

Job ID: 33200158
Cluster: viking2.yor.alces.network
User/Group: qcd511/clusterusers
State: COMPLETED (exit code 0)
Nodes: 1
Cores per node: 4
CPU Utilized: 02:40:15
CPU Efficiency: 99.49% of 02:41:04 core-walltime
Job Wall-clock time: 00:40:16
Memory Utilized: 8.85 GB
Memory Efficiency: 6.92% of 128.00 GB
 Requested wall clock time: 1-00:00:00
    Actual wall clock time: 00:40:16
Wall clock time efficiency: 2.8%
           Job queued time: 00:40:04
