
The following have been reloaded with a version change:
  1) XZ/5.4.2-GCCcore-12.3.0 => XZ/5.4.4-GCCcore-13.2.0
  2) bzip2/1.0.8-GCCcore-12.3.0 => bzip2/1.0.8-GCCcore-13.2.0

Starting GS2...
Starting GS2 run in directory: beta_0.00800 with beta = 0.00800
 Created by GS2 at 2026-04-21T10:06:35.910Z+01:00
 GS2 version: 8.2.1
 Run UUID: 382E4C1A-3458-4627-9906-1C0765431918
 GK_SYSTEM: viking
 Compiler: gfortran
 Build tag: None

Running on 2 processors 


 Initialization             32.838 min   54.5 %
(field matrix invert         5.736 min    9.5 %)
(field matrix invert mpi     0.010 min    0.0 %)
(field matrix dump           0.000 min    0.0 %)
(field matrix read           0.000 min    0.0 %)
 Advance steps              27.378 min   45.5 %
(field solve                 4.339 min    7.2 %)
(field solve mpi             0.032 min    0.1 %)
(collisions                 24.755 min   41.1 %)
(collisions mpi              0.000 min    0.0 %)
(explicit/nl                 0.000 min    0.0 %)
(explicit/nl mpi             0.000 min    0.0 %)
(explicit/nl fft             0.000 min    0.0 %)
(explicit/nl fields          0.000 min    0.0 %)
(diagnostics                 0.002 min    0.0 %)
 Re-initialize               0.000 min    0.0 %
 Redistribute                6.116 min   10.2 %
(redistribute mpi            0.000 min    0.0 %)
(redistribute copy           6.116 min   10.2 %)
 Finishing                   0.001 min    0.0 %
 MPI                         0.361 min    0.6 %
(Overheads                   0.000 min    0.0 %)
(Collectives                 0.361 min    0.6 %)
(PTP                         0.000 min    0.0 %)
(Sync                        0.000 min    0.0 %)
 total from timer is:    60.22 min

Run finished at 2026-04-21T11:06:49.278Z+01:00
Run complete. Outputs saved in beta_0.00800/

============================
 Job utilisation efficiency
============================

Job ID: 33198366
Cluster: viking2.yor.alces.network
User/Group: qcd511/clusterusers
State: COMPLETED (exit code 0)
Nodes: 1
Cores per node: 2
CPU Utilized: 01:59:56
CPU Efficiency: 99.47% of 02:00:34 core-walltime
Job Wall-clock time: 01:00:17
Memory Utilized: 6.02 GB
Memory Efficiency: 4.70% of 128.00 GB
 Requested wall clock time: 1-00:00:00
    Actual wall clock time: 01:00:17
Wall clock time efficiency: 4.2%
           Job queued time: 00:20:47
