
The following have been reloaded with a version change:
  1) XZ/5.4.2-GCCcore-12.3.0 => XZ/5.4.4-GCCcore-13.2.0
  2) bzip2/1.0.8-GCCcore-12.3.0 => bzip2/1.0.8-GCCcore-13.2.0

Starting GS2...
Starting GS2 run in directory: beta_0.01400 with beta = 0.01400
 Created by GS2 at 2026-04-21T13:24:23.234Z+01:00
 GS2 version: 8.2.1
 Run UUID: 3A4B3F16-0F4E-4C37-AF50-396C24435702
 GK_SYSTEM: viking
 Compiler: gfortran
 Build tag: None

Running on 4 processors 


 Initialization             36.286 min   55.5 %
(field matrix invert         5.545 min    8.5 %)
(field matrix invert mpi     0.023 min    0.0 %)
(field matrix dump           0.000 min    0.0 %)
(field matrix read           0.000 min    0.0 %)
 Advance steps              29.118 min   44.5 %
(field solve                 7.195 min   11.0 %)
(field solve mpi             0.635 min    1.0 %)
(collisions                 31.871 min   48.7 %)
(collisions mpi              1.483 min    2.3 %)
(explicit/nl                 0.000 min    0.0 %)
(explicit/nl mpi             0.000 min    0.0 %)
(explicit/nl fft             0.000 min    0.0 %)
(explicit/nl fields          0.000 min    0.0 %)
(diagnostics                 0.004 min    0.0 %)
 Re-initialize               0.000 min    0.0 %
 Redistribute                8.709 min   13.3 %
(redistribute mpi            1.484 min    2.3 %)
(redistribute copy           7.225 min   11.0 %)
 Finishing                   0.001 min    0.0 %
 MPI                         3.056 min    4.7 %
(Overheads                   0.000 min    0.0 %)
(Collectives                 1.572 min    2.4 %)
(PTP                         0.006 min    0.0 %)
(Sync                        1.478 min    2.3 %)
 total from timer is:    65.41 min

Run finished at 2026-04-21T14:29:47.845Z+01:00
Run complete. Outputs saved in beta_0.01400/

============================
 Job utilisation efficiency
============================

Job ID: 33200130
Cluster: viking2.yor.alces.network
User/Group: qcd511/clusterusers
State: COMPLETED (exit code 0)
Nodes: 1
Cores per node: 4
CPU Utilized: 04:17:18
CPU Efficiency: 98.26% of 04:21:52 core-walltime
Job Wall-clock time: 01:05:28
Memory Utilized: 8.85 GB
Memory Efficiency: 6.92% of 128.00 GB
 Requested wall clock time: 1-00:00:00
    Actual wall clock time: 01:05:28
Wall clock time efficiency: 4.5%
           Job queued time: 00:00:16
