
The following have been reloaded with a version change:
  1) XZ/5.4.2-GCCcore-12.3.0 => XZ/5.4.4-GCCcore-13.2.0
  2) bzip2/1.0.8-GCCcore-12.3.0 => bzip2/1.0.8-GCCcore-13.2.0

Starting GS2...
Starting GS2 run in directory: beta_0.01200 with beta = 0.01200
 Created by GS2 at 2026-04-21T09:45:24.947Z+01:00
 GS2 version: 8.2.1
 Run UUID: 771F2441-3407-4000-AB49-031D52351874
 GK_SYSTEM: viking
 Compiler: gfortran
 Build tag: None

Running on 2 processors 


 Initialization             29.623 min   57.2 %
(field matrix invert         5.225 min   10.1 %)
(field matrix invert mpi     0.009 min    0.0 %)
(field matrix dump           0.000 min    0.0 %)
(field matrix read           0.000 min    0.0 %)
 Advance steps              22.205 min   42.8 %
(field solve                 3.601 min    6.9 %)
(field solve mpi             0.240 min    0.5 %)
(collisions                 19.671 min   38.0 %)
(collisions mpi              0.000 min    0.0 %)
(explicit/nl                 0.000 min    0.0 %)
(explicit/nl mpi             0.000 min    0.0 %)
(explicit/nl fft             0.000 min    0.0 %)
(explicit/nl fields          0.000 min    0.0 %)
(diagnostics                 0.002 min    0.0 %)
 Re-initialize               0.000 min    0.0 %
 Redistribute                4.467 min    8.6 %
(redistribute mpi            0.000 min    0.0 %)
(redistribute copy           4.467 min    8.6 %)
 Finishing                   0.001 min    0.0 %
 MPI                         1.011 min    2.0 %
(Overheads                   0.000 min    0.0 %)
(Collectives                 1.011 min    2.0 %)
(PTP                         0.000 min    0.0 %)
(Sync                        0.000 min    0.0 %)
 total from timer is:    51.83 min

Run finished at 2026-04-21T10:37:14.931Z+01:00
Run complete. Outputs saved in beta_0.01200/

============================
 Job utilisation efficiency
============================

Job ID: 33198346
Cluster: viking2.yor.alces.network
User/Group: qcd511/clusterusers
State: COMPLETED (exit code 0)
Nodes: 1
Cores per node: 2
CPU Utilized: 01:43:17
CPU Efficiency: 99.53% of 01:43:46 core-walltime
Job Wall-clock time: 00:51:53
Memory Utilized: 6.07 GB
Memory Efficiency: 4.75% of 128.00 GB
 Requested wall clock time: 1-00:00:00
    Actual wall clock time: 00:51:53
Wall clock time efficiency: 3.6%
           Job queued time: 00:00:16
