
The following have been reloaded with a version change:
  1) XZ/5.4.2-GCCcore-12.3.0 => XZ/5.4.4-GCCcore-13.2.0
  2) bzip2/1.0.8-GCCcore-12.3.0 => bzip2/1.0.8-GCCcore-13.2.0

Starting GS2...
Starting GS2 run in directory: beta_0.02000 with beta = 0.02000
 Created by GS2 at 2026-04-21T14:06:58.798Z+01:00
 GS2 version: 8.2.1
 Run UUID: 2D347330-322D-4A28-8165-537038634A66
 GK_SYSTEM: viking
 Compiler: gfortran
 Build tag: None

Running on 4 processors 


 Initialization             18.529 min   60.0 %
(field matrix invert         5.403 min   17.5 %)
(field matrix invert mpi     0.014 min    0.0 %)
(field matrix dump           0.000 min    0.0 %)
(field matrix read           0.000 min    0.0 %)
 Advance steps              12.328 min   39.9 %
(field solve                 2.129 min    6.9 %)
(field solve mpi             0.226 min    0.7 %)
(collisions                 11.109 min   36.0 %)
(collisions mpi              0.828 min    2.7 %)
(explicit/nl                 0.000 min    0.0 %)
(explicit/nl mpi             0.000 min    0.0 %)
(explicit/nl fft             0.000 min    0.0 %)
(explicit/nl fields          0.000 min    0.0 %)
(diagnostics                 0.001 min    0.0 %)
 Re-initialize               0.000 min    0.0 %
 Redistribute                3.073 min   10.0 %
(redistribute mpi            0.828 min    2.7 %)
(redistribute copy           2.245 min    7.3 %)
 Finishing                   0.001 min    0.0 %
 MPI                         1.501 min    4.9 %
(Overheads                   0.000 min    0.0 %)
(Collectives                 0.672 min    2.2 %)
(PTP                         0.003 min    0.0 %)
(Sync                        0.825 min    2.7 %)
 total from timer is:    30.86 min

Run finished at 2026-04-21T14:37:50.504Z+01:00
Run complete. Outputs saved in beta_0.02000/

============================
 Job utilisation efficiency
============================

Job ID: 33200165
Cluster: viking2.yor.alces.network
User/Group: qcd511/clusterusers
State: COMPLETED (exit code 0)
Nodes: 1
Cores per node: 4
CPU Utilized: 02:02:14
CPU Efficiency: 98.84% of 02:03:40 core-walltime
Job Wall-clock time: 00:30:55
Memory Utilized: 8.90 GB
Memory Efficiency: 6.95% of 128.00 GB
 Requested wall clock time: 1-00:00:00
    Actual wall clock time: 00:30:55
Wall clock time efficiency: 2.1%
           Job queued time: 00:41:59
