
The following have been reloaded with a version change:
  1) XZ/5.4.2-GCCcore-12.3.0 => XZ/5.4.4-GCCcore-13.2.0
  2) bzip2/1.0.8-GCCcore-12.3.0 => bzip2/1.0.8-GCCcore-13.2.0

Starting GS2...
Starting GS2 run in directory: beta_0.01600 with beta = 0.01600
 Created by GS2 at 2026-04-21T14:05:57.284Z+01:00
 GS2 version: 8.2.1
 Run UUID: 520E5B18-583D-4218-B917-0C105C693E39
 GK_SYSTEM: viking
 Compiler: gfortran
 Build tag: None

Running on 4 processors 


 Initialization             24.041 min   57.4 %
(field matrix invert         5.490 min   13.1 %)
(field matrix invert mpi     0.021 min    0.0 %)
(field matrix dump           0.000 min    0.0 %)
(field matrix read           0.000 min    0.0 %)
 Advance steps              17.835 min   42.6 %
(field solve                 4.130 min    9.9 %)
(field solve mpi             0.188 min    0.4 %)
(collisions                 17.538 min   41.9 %)
(collisions mpi              0.663 min    1.6 %)
(explicit/nl                 0.000 min    0.0 %)
(explicit/nl mpi             0.000 min    0.0 %)
(explicit/nl fft             0.000 min    0.0 %)
(explicit/nl fields          0.000 min    0.0 %)
(diagnostics                 0.002 min    0.0 %)
 Re-initialize               0.000 min    0.0 %
 Redistribute                4.586 min   11.0 %
(redistribute mpi            0.663 min    1.6 %)
(redistribute copy           3.923 min    9.4 %)
 Finishing                   0.001 min    0.0 %
 MPI                         1.326 min    3.2 %
(Overheads                   0.000 min    0.0 %)
(Collectives                 0.663 min    1.6 %)
(PTP                         0.004 min    0.0 %)
(Sync                        0.659 min    1.6 %)
 total from timer is:    41.88 min

Run finished at 2026-04-21T14:47:50.181Z+01:00
Run complete. Outputs saved in beta_0.01600/

============================
 Job utilisation efficiency
============================

Job ID: 33200163
Cluster: viking2.yor.alces.network
User/Group: qcd511/clusterusers
State: COMPLETED (exit code 0)
Nodes: 1
Cores per node: 4
CPU Utilized: 02:46:52
CPU Efficiency: 99.52% of 02:47:40 core-walltime
Job Wall-clock time: 00:41:55
Memory Utilized: 8.85 GB
Memory Efficiency: 6.92% of 128.00 GB
 Requested wall clock time: 1-00:00:00
    Actual wall clock time: 00:41:55
Wall clock time efficiency: 2.9%
           Job queued time: 00:40:59
