
The following have been reloaded with a version change:
  1) XZ/5.4.2-GCCcore-12.3.0 => XZ/5.4.4-GCCcore-13.2.0
  2) bzip2/1.0.8-GCCcore-12.3.0 => bzip2/1.0.8-GCCcore-13.2.0

Starting GS2...
Starting GS2 run in directory: beta_0.01400 with beta = 0.01400
 Created by GS2 at 2026-04-21T10:04:05.008Z+01:00
 GS2 version: 8.2.1
 Run UUID: 7A4F514A-1579-447A-BB2D-29010924367A
 GK_SYSTEM: viking
 Compiler: gfortran
 Build tag: None

Running on 2 processors 


 Initialization             52.362 min   53.9 %
(field matrix invert         5.394 min    5.6 %)
(field matrix invert mpi     0.018 min    0.0 %)
(field matrix dump           0.000 min    0.0 %)
(field matrix read           0.000 min    0.0 %)
 Advance steps              44.790 min   46.1 %
(field solve                 8.671 min    8.9 %)
(field solve mpi             0.345 min    0.4 %)
(collisions                 50.047 min   51.5 %)
(collisions mpi              0.000 min    0.0 %)
(explicit/nl                 0.000 min    0.0 %)
(explicit/nl mpi             0.000 min    0.0 %)
(explicit/nl fft             0.000 min    0.0 %)
(explicit/nl fields          0.000 min    0.0 %)
(diagnostics                 0.004 min    0.0 %)
 Re-initialize               0.000 min    0.0 %
 Redistribute               12.246 min   12.6 %
(redistribute mpi            0.000 min    0.0 %)
(redistribute copy          12.246 min   12.6 %)
 Finishing                   0.001 min    0.0 %
 MPI                         1.111 min    1.1 %
(Overheads                   0.000 min    0.0 %)
(Collectives                 1.111 min    1.1 %)
(PTP                         0.000 min    0.0 %)
(Sync                        0.000 min    0.0 %)
 total from timer is:    97.16 min

Run finished at 2026-04-21T11:41:14.566Z+01:00
Run complete. Outputs saved in beta_0.01400/

============================
 Job utilisation efficiency
============================

Job ID: 33198358
Cluster: viking2.yor.alces.network
User/Group: qcd511/clusterusers
State: COMPLETED (exit code 0)
Nodes: 1
Cores per node: 2
CPU Utilized: 03:13:15
CPU Efficiency: 99.39% of 03:14:26 core-walltime
Job Wall-clock time: 01:37:13
Memory Utilized: 6.07 GB
Memory Efficiency: 4.75% of 128.00 GB
 Requested wall clock time: 1-00:00:00
    Actual wall clock time: 01:37:13
Wall clock time efficiency: 6.8%
           Job queued time: 00:18:28
