
The following have been reloaded with a version change:
  1) XZ/5.4.2-GCCcore-12.3.0 => XZ/5.4.4-GCCcore-13.2.0
  2) bzip2/1.0.8-GCCcore-12.3.0 => bzip2/1.0.8-GCCcore-13.2.0

Starting GS2...
Starting GS2 run in directory: beta_0.01600 with beta = 0.01600
 Created by GS2 at 2026-04-21T14:04:57.868Z+01:00
 GS2 version: 8.2.1
 Run UUID: 18737924-3D6F-422F-8F2C-68485E591248
 GK_SYSTEM: viking
 Compiler: gfortran
 Build tag: None

Running on 4 processors 


 Initialization             23.387 min   58.3 %
(field matrix invert         5.850 min   14.6 %)
(field matrix invert mpi     0.021 min    0.1 %)
(field matrix dump           0.000 min    0.0 %)
(field matrix read           0.000 min    0.0 %)
 Advance steps              16.704 min   41.7 %
(field solve                 3.796 min    9.5 %)
(field solve mpi             0.425 min    1.1 %)
(collisions                 15.573 min   38.8 %)
(collisions mpi              0.838 min    2.1 %)
(explicit/nl                 0.000 min    0.0 %)
(explicit/nl mpi             0.000 min    0.0 %)
(explicit/nl fft             0.000 min    0.0 %)
(explicit/nl fields          0.000 min    0.0 %)
(diagnostics                 0.002 min    0.0 %)
 Re-initialize               0.000 min    0.0 %
 Redistribute                4.144 min   10.3 %
(redistribute mpi            0.839 min    2.1 %)
(redistribute copy           3.305 min    8.2 %)
 Finishing                   0.001 min    0.0 %
 MPI                         2.002 min    5.0 %
(Overheads                   0.000 min    0.0 %)
(Collectives                 1.164 min    2.9 %)
(PTP                         0.004 min    0.0 %)
(Sync                        0.835 min    2.1 %)
 total from timer is:    40.10 min

Run finished at 2026-04-21T14:45:03.727Z+01:00
Run complete. Outputs saved in beta_0.01600/

============================
 Job utilisation efficiency
============================

Job ID: 33200157
Cluster: viking2.yor.alces.network
User/Group: qcd511/clusterusers
State: COMPLETED (exit code 0)
Nodes: 1
Cores per node: 4
CPU Utilized: 02:39:19
CPU Efficiency: 99.20% of 02:40:36 core-walltime
Job Wall-clock time: 00:40:09
Memory Utilized: 8.85 GB
Memory Efficiency: 6.92% of 128.00 GB
 Requested wall clock time: 1-00:00:00
    Actual wall clock time: 00:40:09
Wall clock time efficiency: 2.8%
           Job queued time: 00:40:04
