
The following have been reloaded with a version change:
  1) XZ/5.4.2-GCCcore-12.3.0 => XZ/5.4.4-GCCcore-13.2.0
  2) bzip2/1.0.8-GCCcore-12.3.0 => bzip2/1.0.8-GCCcore-13.2.0

Starting GS2...
Starting GS2 run in directory: beta_0.01400 with beta = 0.01400
 Created by GS2 at 2026-04-21T13:23:52.855Z+01:00
 GS2 version: 8.2.1
 Run UUID: 52043F26-3026-4547-B517-6A2E555B4858
 GK_SYSTEM: viking
 Compiler: gfortran
 Build tag: None

Running on 4 processors 


 Initialization             24.742 min   57.2 %
(field matrix invert         5.520 min   12.8 %)
(field matrix invert mpi     0.021 min    0.0 %)
(field matrix dump           0.000 min    0.0 %)
(field matrix read           0.000 min    0.0 %)
 Advance steps              18.515 min   42.8 %
(field solve                 4.323 min   10.0 %)
(field solve mpi             0.151 min    0.3 %)
(collisions                 18.344 min   42.4 %)
(collisions mpi              0.649 min    1.5 %)
(explicit/nl                 0.000 min    0.0 %)
(explicit/nl mpi             0.000 min    0.0 %)
(explicit/nl fft             0.000 min    0.0 %)
(explicit/nl fields          0.000 min    0.0 %)
(diagnostics                 0.002 min    0.0 %)
 Re-initialize               0.000 min    0.0 %
 Redistribute                4.779 min   11.0 %
(redistribute mpi            0.650 min    1.5 %)
(redistribute copy           4.130 min    9.5 %)
 Finishing                   0.001 min    0.0 %
 MPI                         1.257 min    2.9 %
(Overheads                   0.000 min    0.0 %)
(Collectives                 0.607 min    1.4 %)
(PTP                         0.004 min    0.0 %)
(Sync                        0.646 min    1.5 %)
 total from timer is:    43.26 min

Run finished at 2026-04-21T14:07:08.538Z+01:00
Run complete. Outputs saved in beta_0.01400/

============================
 Job utilisation efficiency
============================

Job ID: 33200112
Cluster: viking2.yor.alces.network
User/Group: qcd511/clusterusers
State: COMPLETED (exit code 0)
Nodes: 1
Cores per node: 4
CPU Utilized: 02:52:22
CPU Efficiency: 99.48% of 02:53:16 core-walltime
Job Wall-clock time: 00:43:19
Memory Utilized: 8.85 GB
Memory Efficiency: 6.92% of 128.00 GB
 Requested wall clock time: 1-00:00:00
    Actual wall clock time: 00:43:19
Wall clock time efficiency: 3.0%
           Job queued time: 00:00:19
