
The following have been reloaded with a version change:
  1) XZ/5.4.2-GCCcore-12.3.0 => XZ/5.4.4-GCCcore-13.2.0
  2) bzip2/1.0.8-GCCcore-12.3.0 => bzip2/1.0.8-GCCcore-13.2.0

Starting GS2...
Starting GS2 run in directory: beta_0.01200 with beta = 0.01200
 Created by GS2 at 2026-04-21T13:58:51.420Z+01:00
 GS2 version: 8.2.1
 Run UUID: 776D735C-587C-4E3B-8112-57070E793816
 GK_SYSTEM: viking
 Compiler: gfortran
 Build tag: None

Running on 4 processors 


 Initialization             18.123 min   61.9 %
(field matrix invert         5.751 min   19.6 %)
(field matrix invert mpi     0.027 min    0.1 %)
(field matrix dump           0.000 min    0.0 %)
(field matrix read           0.000 min    0.0 %)
 Advance steps              11.148 min   38.1 %
(field solve                 1.444 min    4.9 %)
(field solve mpi             0.127 min    0.4 %)
(collisions                 10.077 min   34.4 %)
(collisions mpi              0.616 min    2.1 %)
(explicit/nl                 0.000 min    0.0 %)
(explicit/nl mpi             0.000 min    0.0 %)
(explicit/nl fft             0.000 min    0.0 %)
(explicit/nl fields          0.000 min    0.0 %)
(diagnostics                 0.001 min    0.0 %)
 Re-initialize               0.000 min    0.0 %
 Redistribute                2.379 min    8.1 %
(redistribute mpi            0.617 min    2.1 %)
(redistribute copy           1.762 min    6.0 %)
 Finishing                   0.001 min    0.0 %
 MPI                         0.875 min    3.0 %
(Overheads                   0.000 min    0.0 %)
(Collectives                 0.257 min    0.9 %)
(PTP                         0.002 min    0.0 %)
(Sync                        0.615 min    2.1 %)
 total from timer is:    29.27 min

Run finished at 2026-04-21T14:28:07.910Z+01:00
Run complete. Outputs saved in beta_0.01200/

============================
 Job utilisation efficiency
============================

Job ID: 33200150
Cluster: viking2.yor.alces.network
User/Group: qcd511/clusterusers
State: COMPLETED (exit code 0)
Nodes: 1
Cores per node: 4
CPU Utilized: 01:56:39
CPU Efficiency: 99.42% of 01:57:20 core-walltime
Job Wall-clock time: 00:29:20
Memory Utilized: 8.85 GB
Memory Efficiency: 6.92% of 128.00 GB
 Requested wall clock time: 1-00:00:00
    Actual wall clock time: 00:29:20
Wall clock time efficiency: 2.0%
           Job queued time: 00:34:04
