
The following have been reloaded with a version change:
  1) XZ/5.4.2-GCCcore-12.3.0 => XZ/5.4.4-GCCcore-13.2.0
  2) bzip2/1.0.8-GCCcore-12.3.0 => bzip2/1.0.8-GCCcore-13.2.0

Starting GS2...
Starting GS2 run in directory: beta_0.01600 with beta = 0.01600
 Created by GS2 at 2026-04-21T10:04:05.008Z+01:00
 GS2 version: 8.2.1
 Run UUID: 7A1D3119-4311-4223-B173-1D2B3830602D
 GK_SYSTEM: viking
 Compiler: gfortran
 Build tag: None

Running on 2 processors 


 Initialization             52.359 min   53.9 %
(field matrix invert         5.387 min    5.5 %)
(field matrix invert mpi     0.018 min    0.0 %)
(field matrix dump           0.000 min    0.0 %)
(field matrix read           0.000 min    0.0 %)
 Advance steps              44.787 min   46.1 %
(field solve                 8.758 min    9.0 %)
(field solve mpi             0.209 min    0.2 %)
(collisions                 50.003 min   51.5 %)
(collisions mpi              0.000 min    0.0 %)
(explicit/nl                 0.000 min    0.0 %)
(explicit/nl mpi             0.000 min    0.0 %)
(explicit/nl fft             0.000 min    0.0 %)
(explicit/nl fields          0.000 min    0.0 %)
(diagnostics                 0.004 min    0.0 %)
 Re-initialize               0.000 min    0.0 %
 Redistribute               10.797 min   11.1 %
(redistribute mpi            0.000 min    0.0 %)
(redistribute copy          10.797 min   11.1 %)
 Finishing                   0.001 min    0.0 %
 MPI                         0.730 min    0.8 %
(Overheads                   0.000 min    0.0 %)
(Collectives                 0.730 min    0.8 %)
(PTP                         0.000 min    0.0 %)
(Sync                        0.000 min    0.0 %)
 total from timer is:    97.15 min

Run finished at 2026-04-21T11:41:14.291Z+01:00
Run complete. Outputs saved in beta_0.01600/

============================
 Job utilisation efficiency
============================

Job ID: 33198359
Cluster: viking2.yor.alces.network
User/Group: qcd511/clusterusers
State: COMPLETED (exit code 0)
Nodes: 1
Cores per node: 2
CPU Utilized: 03:13:20
CPU Efficiency: 99.43% of 03:14:26 core-walltime
Job Wall-clock time: 01:37:13
Memory Utilized: 6.08 GB
Memory Efficiency: 4.75% of 128.00 GB
 Requested wall clock time: 1-00:00:00
    Actual wall clock time: 01:37:13
Wall clock time efficiency: 6.8%
           Job queued time: 00:18:28
