
The following have been reloaded with a version change:
  1) XZ/5.4.2-GCCcore-12.3.0 => XZ/5.4.4-GCCcore-13.2.0
  2) bzip2/1.0.8-GCCcore-12.3.0 => bzip2/1.0.8-GCCcore-13.2.0

Starting GS2...
Starting GS2 run in directory: beta_0.00400 with beta = 0.00400
 Created by GS2 at 2026-04-21T09:45:25.911Z+01:00
 GS2 version: 8.2.1
 Run UUID: 7651550E-3A5F-477A-BD2E-4B225F2D0E49
 GK_SYSTEM: viking
 Compiler: gfortran
 Build tag: None

Running on 2 processors 


 Initialization             45.820 min   54.1 %
(field matrix invert         5.593 min    6.6 %)
(field matrix invert mpi     0.017 min    0.0 %)
(field matrix dump           0.000 min    0.0 %)
(field matrix read           0.000 min    0.0 %)
 Advance steps              38.900 min   45.9 %
(field solve                18.895 min   22.3 %)
(field solve mpi            16.071 min   19.0 %)
(collisions                 20.038 min   23.6 %)
(collisions mpi              0.000 min    0.0 %)
(explicit/nl                 0.000 min    0.0 %)
(explicit/nl mpi             0.000 min    0.0 %)
(explicit/nl fft             0.000 min    0.0 %)
(explicit/nl fields          0.000 min    0.0 %)
(diagnostics                 0.003 min    0.0 %)
 Re-initialize               0.000 min    0.0 %
 Redistribute                4.468 min    5.3 %
(redistribute mpi            0.000 min    0.0 %)
(redistribute copy           4.468 min    5.3 %)
 Finishing                   0.001 min    0.0 %
 MPI                        32.400 min   38.2 %
(Overheads                   0.000 min    0.0 %)
(Collectives                32.400 min   38.2 %)
(PTP                         0.000 min    0.0 %)
(Sync                        0.000 min    0.0 %)
 total from timer is:    84.73 min

Run finished at 2026-04-21T11:10:09.607Z+01:00
Run complete. Outputs saved in beta_0.00400/

============================
 Job utilisation efficiency
============================

Job ID: 33198342
Cluster: viking2.yor.alces.network
User/Group: qcd511/clusterusers
State: COMPLETED (exit code 0)
Nodes: 1
Cores per node: 2
CPU Utilized: 02:48:47
CPU Efficiency: 99.52% of 02:49:36 core-walltime
Job Wall-clock time: 01:24:48
Memory Utilized: 6.08 GB
Memory Efficiency: 4.75% of 128.00 GB
 Requested wall clock time: 1-00:00:00
    Actual wall clock time: 01:24:48
Wall clock time efficiency: 5.9%
           Job queued time: 00:00:17
