
The following have been reloaded with a version change:
  1) XZ/5.4.2-GCCcore-12.3.0 => XZ/5.4.4-GCCcore-13.2.0
  2) bzip2/1.0.8-GCCcore-12.3.0 => bzip2/1.0.8-GCCcore-13.2.0

Starting GS2...
Starting GS2 run in directory: beta_0.01000 with beta = 0.01000
 Created by GS2 at 2026-04-21T10:05:05.614Z+01:00
 GS2 version: 8.2.1
 Run UUID: 617C3314-5556-4310-B103-291C62741254
 GK_SYSTEM: viking
 Compiler: gfortran
 Build tag: None

Running on 2 processors 


 Initialization             39.827 min   56.4 %
(field matrix invert         7.359 min   10.4 %)
(field matrix invert mpi     0.011 min    0.0 %)
(field matrix dump           0.000 min    0.0 %)
(field matrix read           0.000 min    0.0 %)
 Advance steps              30.800 min   43.6 %
(field solve                 4.647 min    6.6 %)
(field solve mpi             0.193 min    0.3 %)
(collisions                 27.841 min   39.4 %)
(collisions mpi              0.000 min    0.0 %)
(explicit/nl                 0.000 min    0.0 %)
(explicit/nl mpi             0.000 min    0.0 %)
(explicit/nl fft             0.000 min    0.0 %)
(explicit/nl fields          0.000 min    0.0 %)
(diagnostics                 0.002 min    0.0 %)
 Re-initialize               0.000 min    0.0 %
 Redistribute                6.635 min    9.4 %
(redistribute mpi            0.000 min    0.0 %)
(redistribute copy           6.635 min    9.4 %)
 Finishing                   0.001 min    0.0 %
 MPI                         0.546 min    0.8 %
(Overheads                   0.000 min    0.0 %)
(Collectives                 0.546 min    0.8 %)
(PTP                         0.000 min    0.0 %)
(Sync                        0.000 min    0.0 %)
 total from timer is:    70.64 min

Run finished at 2026-04-21T11:15:44.039Z+01:00
Run complete. Outputs saved in beta_0.01000/

============================
 Job utilisation efficiency
============================

Job ID: 33198356
Cluster: viking2.yor.alces.network
User/Group: qcd511/clusterusers
State: COMPLETED (exit code 0)
Nodes: 1
Cores per node: 2
CPU Utilized: 02:20:40
CPU Efficiency: 98.07% of 02:23:26 core-walltime
Job Wall-clock time: 01:11:43
Memory Utilized: 6.07 GB
Memory Efficiency: 4.75% of 128.00 GB
 Requested wall clock time: 1-00:00:00
    Actual wall clock time: 01:11:43
Wall clock time efficiency: 5.0%
           Job queued time: 00:18:28
