
The following have been reloaded with a version change:
  1) XZ/5.4.2-GCCcore-12.3.0 => XZ/5.4.4-GCCcore-13.2.0
  2) bzip2/1.0.8-GCCcore-12.3.0 => bzip2/1.0.8-GCCcore-13.2.0

Starting GS2...
Starting GS2 run in directory: beta_0.02000 with beta = 0.02000
 Created by GS2 at 2026-04-21T10:08:06.994Z+01:00
 GS2 version: 8.2.1
 Run UUID: 673E2868-6568-464A-A740-0A74275B2800
 GK_SYSTEM: viking
 Compiler: gfortran
 Build tag: None

Running on 2 processors 


 Initialization             29.867 min   55.3 %
(field matrix invert         5.824 min   10.8 %)
(field matrix invert mpi     0.010 min    0.0 %)
(field matrix dump           0.000 min    0.0 %)
(field matrix read           0.000 min    0.0 %)
 Advance steps              24.185 min   44.7 %
(field solve                 3.025 min    5.6 %)
(field solve mpi             0.130 min    0.2 %)
(collisions                 20.482 min   37.9 %)
(collisions mpi              0.000 min    0.0 %)
(explicit/nl                 0.000 min    0.0 %)
(explicit/nl mpi             0.000 min    0.0 %)
(explicit/nl fft             0.000 min    0.0 %)
(explicit/nl fields          0.000 min    0.0 %)
(diagnostics                 0.002 min    0.0 %)
 Re-initialize               0.000 min    0.0 %
 Redistribute                4.342 min    8.0 %
(redistribute mpi            0.000 min    0.0 %)
(redistribute copy           4.342 min    8.0 %)
 Finishing                   0.001 min    0.0 %
 MPI                         0.587 min    1.1 %
(Overheads                   0.000 min    0.0 %)
(Collectives                 0.587 min    1.1 %)
(PTP                         0.000 min    0.0 %)
(Sync                        0.000 min    0.0 %)
 total from timer is:    54.06 min

Run finished at 2026-04-21T11:02:10.485Z+01:00
Run complete. Outputs saved in beta_0.02000/

============================
 Job utilisation efficiency
============================

Job ID: 33198372
Cluster: viking2.yor.alces.network
User/Group: qcd511/clusterusers
State: COMPLETED (exit code 0)
Nodes: 1
Cores per node: 2
CPU Utilized: 01:47:40
CPU Efficiency: 99.48% of 01:48:14 core-walltime
Job Wall-clock time: 00:54:07
Memory Utilized: 6.07 GB
Memory Efficiency: 4.75% of 128.00 GB
 Requested wall clock time: 1-00:00:00
    Actual wall clock time: 00:54:07
Wall clock time efficiency: 3.8%
           Job queued time: 00:22:17
