
The following have been reloaded with a version change:
  1) XZ/5.4.2-GCCcore-12.3.0 => XZ/5.4.4-GCCcore-13.2.0
  2) bzip2/1.0.8-GCCcore-12.3.0 => bzip2/1.0.8-GCCcore-13.2.0

Starting GS2...
Starting GS2 run in directory: beta_0.01000 with beta = 0.01000
 Created by GS2 at 2026-04-21T10:06:36.006Z+01:00
 GS2 version: 8.2.1
 Run UUID: 7B48011C-3D1D-4E77-AD7A-4C6D67773A42
 GK_SYSTEM: viking
 Compiler: gfortran
 Build tag: None

Running on 2 processors 


 Initialization             32.633 min   53.2 %
(field matrix invert         6.366 min   10.4 %)
(field matrix invert mpi     0.009 min    0.0 %)
(field matrix dump           0.000 min    0.0 %)
(field matrix read           0.000 min    0.0 %)
 Advance steps              28.745 min   46.8 %
(field solve                 4.381 min    7.1 %)
(field solve mpi             0.304 min    0.5 %)
(collisions                 23.746 min   38.7 %)
(collisions mpi              0.000 min    0.0 %)
(explicit/nl                 0.000 min    0.0 %)
(explicit/nl mpi             0.000 min    0.0 %)
(explicit/nl fft             0.000 min    0.0 %)
(explicit/nl fields          0.000 min    0.0 %)
(diagnostics                 0.002 min    0.0 %)
 Re-initialize               0.000 min    0.0 %
 Redistribute                5.459 min    8.9 %
(redistribute mpi            0.000 min    0.0 %)
(redistribute copy           5.459 min    8.9 %)
 Finishing                   0.001 min    0.0 %
 MPI                         0.842 min    1.4 %
(Overheads                   0.000 min    0.0 %)
(Collectives                 0.842 min    1.4 %)
(PTP                         0.000 min    0.0 %)
(Sync                        0.000 min    0.0 %)
 total from timer is:    61.38 min

Run finished at 2026-04-21T11:07:59.057Z+01:00
Run complete. Outputs saved in beta_0.01000/

============================
 Job utilisation efficiency
============================

Job ID: 33198367
Cluster: viking2.yor.alces.network
User/Group: qcd511/clusterusers
State: COMPLETED (exit code 0)
Nodes: 1
Cores per node: 2
CPU Utilized: 02:01:40
CPU Efficiency: 99.00% of 02:02:54 core-walltime
Job Wall-clock time: 01:01:27
Memory Utilized: 6.07 GB
Memory Efficiency: 4.75% of 128.00 GB
 Requested wall clock time: 1-00:00:00
    Actual wall clock time: 01:01:27
Wall clock time efficiency: 4.3%
           Job queued time: 00:20:47
