
The following have been reloaded with a version change:
  1) XZ/5.4.2-GCCcore-12.3.0 => XZ/5.4.4-GCCcore-13.2.0
  2) bzip2/1.0.8-GCCcore-12.3.0 => bzip2/1.0.8-GCCcore-13.2.0

Starting GS2...
Starting GS2 run in directory: beta_0.01800 with beta = 0.01800
 Created by GS2 at 2026-04-21T14:06:28.565Z+01:00
 GS2 version: 8.2.1
 Run UUID: 712C370B-296B-4936-9759-4171650A1123
 GK_SYSTEM: viking
 Compiler: gfortran
 Build tag: None

Running on 4 processors 


 Initialization             23.970 min   57.6 %
(field matrix invert         5.501 min   13.2 %)
(field matrix invert mpi     0.020 min    0.0 %)
(field matrix dump           0.000 min    0.0 %)
(field matrix read           0.000 min    0.0 %)
 Advance steps              17.673 min   42.4 %
(field solve                 4.037 min    9.7 %)
(field solve mpi             0.186 min    0.4 %)
(collisions                 17.528 min   42.1 %)
(collisions mpi              0.694 min    1.7 %)
(explicit/nl                 0.000 min    0.0 %)
(explicit/nl mpi             0.000 min    0.0 %)
(explicit/nl fft             0.000 min    0.0 %)
(explicit/nl fields          0.000 min    0.0 %)
(diagnostics                 0.002 min    0.0 %)
 Re-initialize               0.000 min    0.0 %
 Redistribute                4.609 min   11.1 %
(redistribute mpi            0.694 min    1.7 %)
(redistribute copy           3.915 min    9.4 %)
 Finishing                   0.001 min    0.0 %
 MPI                         1.329 min    3.2 %
(Overheads                   0.000 min    0.0 %)
(Collectives                 0.635 min    1.5 %)
(PTP                         0.004 min    0.0 %)
(Sync                        0.690 min    1.7 %)
 total from timer is:    41.65 min

Run finished at 2026-04-21T14:48:07.445Z+01:00
Run complete. Outputs saved in beta_0.01800/

============================
 Job utilisation efficiency
============================

Job ID: 33200164
Cluster: viking2.yor.alces.network
User/Group: qcd511/clusterusers
State: COMPLETED (exit code 0)
Nodes: 1
Cores per node: 4
CPU Utilized: 02:45:52
CPU Efficiency: 99.44% of 02:46:48 core-walltime
Job Wall-clock time: 00:41:42
Memory Utilized: 8.85 GB
Memory Efficiency: 6.92% of 128.00 GB
 Requested wall clock time: 1-00:00:00
    Actual wall clock time: 00:41:42
Wall clock time efficiency: 2.9%
           Job queued time: 00:41:29
