
The following have been reloaded with a version change:
  1) XZ/5.4.2-GCCcore-12.3.0 => XZ/5.4.4-GCCcore-13.2.0
  2) bzip2/1.0.8-GCCcore-12.3.0 => bzip2/1.0.8-GCCcore-13.2.0

Starting GS2...
Starting GS2 run in directory: beta_0.00000 with beta = 0.00000
 Created by GS2 at 2026-04-21T09:45:24.930Z+01:00
 GS2 version: 8.2.1
 Run UUID: 6F1C6D4E-2319-4F2C-BD00-1E0A186B690C
 GK_SYSTEM: viking
 Compiler: gfortran
 Build tag: None

Running on 2 processors 


 Initialization              8.338 min   28.3 %
(field matrix invert         0.210 min    0.7 %)
(field matrix invert mpi     0.001 min    0.0 %)
(field matrix dump           0.000 min    0.0 %)
(field matrix read           0.000 min    0.0 %)
 Advance steps              21.074 min   71.6 %
(field solve                 0.708 min    2.4 %)
(field solve mpi             0.022 min    0.1 %)
(collisions                 14.230 min   48.4 %)
(collisions mpi              0.000 min    0.0 %)
(explicit/nl                 0.000 min    0.0 %)
(explicit/nl mpi             0.000 min    0.0 %)
(explicit/nl fft             0.000 min    0.0 %)
(explicit/nl fields          0.000 min    0.0 %)
(diagnostics                 0.002 min    0.0 %)
 Re-initialize               0.000 min    0.0 %
 Redistribute                3.971 min   13.5 %
(redistribute mpi            0.000 min    0.0 %)
(redistribute copy           3.971 min   13.5 %)
 Finishing                   0.000 min    0.0 %
 MPI                         0.037 min    0.1 %
(Overheads                   0.000 min    0.0 %)
(Collectives                 0.037 min    0.1 %)
(PTP                         0.000 min    0.0 %)
(Sync                        0.000 min    0.0 %)
 total from timer is:    29.42 min

Run finished at 2026-04-21T10:14:49.958Z+01:00
Run complete. Outputs saved in beta_0.00000/

============================
 Job utilisation efficiency
============================

Job ID: 33198340
Cluster: viking2.yor.alces.network
User/Group: qcd511/clusterusers
State: COMPLETED (exit code 0)
Nodes: 1
Cores per node: 2
CPU Utilized: 00:58:26
CPU Efficiency: 99.10% of 00:58:58 core-walltime
Job Wall-clock time: 00:29:29
Memory Utilized: 1.33 GB
Memory Efficiency: 1.04% of 128.00 GB
 Requested wall clock time: 1-00:00:00
    Actual wall clock time: 00:29:29
Wall clock time efficiency: 2.0%
           Job queued time: 00:00:17
