
The following have been reloaded with a version change:
  1) XZ/5.4.2-GCCcore-12.3.0 => XZ/5.4.4-GCCcore-13.2.0
  2) bzip2/1.0.8-GCCcore-12.3.0 => bzip2/1.0.8-GCCcore-13.2.0

Starting GS2...
Starting GS2 run in directory: beta_0.01400 with beta = 0.01400
 Created by GS2 at 2026-04-21T13:24:22.929Z+01:00
 GS2 version: 8.2.1
 Run UUID: 74574575-6923-425E-A716-72385C601925
 GK_SYSTEM: viking
 Compiler: gfortran
 Build tag: None

Running on 4 processors 


 Initialization             23.877 min   56.7 %
(field matrix invert         5.439 min   12.9 %)
(field matrix invert mpi     0.020 min    0.0 %)
(field matrix dump           0.000 min    0.0 %)
(field matrix read           0.000 min    0.0 %)
 Advance steps              18.258 min   43.3 %
(field solve                 4.283 min   10.2 %)
(field solve mpi             0.239 min    0.6 %)
(collisions                 17.704 min   42.0 %)
(collisions mpi              0.723 min    1.7 %)
(explicit/nl                 0.000 min    0.0 %)
(explicit/nl mpi             0.000 min    0.0 %)
(explicit/nl fft             0.000 min    0.0 %)
(explicit/nl fields          0.000 min    0.0 %)
(diagnostics                 0.002 min    0.0 %)
 Re-initialize               0.000 min    0.0 %
 Redistribute                4.797 min   11.4 %
(redistribute mpi            0.723 min    1.7 %)
(redistribute copy           4.073 min    9.7 %)
 Finishing                   0.001 min    0.0 %
 MPI                         1.492 min    3.5 %
(Overheads                   0.000 min    0.0 %)
(Collectives                 0.768 min    1.8 %)
(PTP                         0.004 min    0.0 %)
(Sync                        0.720 min    1.7 %)
 total from timer is:    42.14 min

Run finished at 2026-04-21T14:06:31.328Z+01:00
Run complete. Outputs saved in beta_0.01400/

============================
 Job utilisation efficiency
============================

Job ID: 33200125
Cluster: viking2.yor.alces.network
User/Group: qcd511/clusterusers
State: COMPLETED (exit code 0)
Nodes: 1
Cores per node: 4
CPU Utilized: 02:47:39
CPU Efficiency: 99.32% of 02:48:48 core-walltime
Job Wall-clock time: 00:42:12
Memory Utilized: 10.73 GB
Memory Efficiency: 8.38% of 128.00 GB
 Requested wall clock time: 1-00:00:00
    Actual wall clock time: 00:42:12
Wall clock time efficiency: 2.9%
           Job queued time: 00:00:24
