
The following have been reloaded with a version change:
  1) XZ/5.4.2-GCCcore-12.3.0 => XZ/5.4.4-GCCcore-13.2.0
  2) bzip2/1.0.8-GCCcore-12.3.0 => bzip2/1.0.8-GCCcore-13.2.0

Starting GS2...
Starting GS2 run in directory: beta_0.01800 with beta = 0.01800
 Created by GS2 at 2026-04-21T10:05:35.787Z+01:00
 GS2 version: 8.2.1
 Run UUID: 72770230-160A-460F-834F-083F430B745C
 GK_SYSTEM: viking
 Compiler: gfortran
 Build tag: None

Running on 2 processors 


 Initialization             33.068 min   52.5 %
(field matrix invert         6.051 min    9.6 %)
(field matrix invert mpi     0.010 min    0.0 %)
(field matrix dump           0.000 min    0.0 %)
(field matrix read           0.000 min    0.0 %)
 Advance steps              29.859 min   47.4 %
(field solve                 4.873 min    7.7 %)
(field solve mpi             0.316 min    0.5 %)
(collisions                 25.155 min   40.0 %)
(collisions mpi              0.000 min    0.0 %)
(explicit/nl                 0.000 min    0.0 %)
(explicit/nl mpi             0.000 min    0.0 %)
(explicit/nl fft             0.000 min    0.0 %)
(explicit/nl fields          0.000 min    0.0 %)
(diagnostics                 0.002 min    0.0 %)
 Re-initialize               0.000 min    0.0 %
 Redistribute                6.272 min   10.0 %
(redistribute mpi            0.000 min    0.0 %)
(redistribute copy           6.272 min   10.0 %)
 Finishing                   0.001 min    0.0 %
 MPI                         1.068 min    1.7 %
(Overheads                   0.000 min    0.0 %)
(Collectives                 1.068 min    1.7 %)
(PTP                         0.000 min    0.0 %)
(Sync                        0.000 min    0.0 %)
 total from timer is:    62.93 min

Run finished at 2026-04-21T11:08:31.787Z+01:00
Run complete. Outputs saved in beta_0.01800/

============================
 Job utilisation efficiency
============================

Job ID: 33198360
Cluster: viking2.yor.alces.network
User/Group: qcd511/clusterusers
State: COMPLETED (exit code 0)
Nodes: 1
Cores per node: 2
CPU Utilized: 02:05:23
CPU Efficiency: 99.54% of 02:05:58 core-walltime
Job Wall-clock time: 01:02:59
Memory Utilized: 6.07 GB
Memory Efficiency: 4.74% of 128.00 GB
 Requested wall clock time: 1-00:00:00
    Actual wall clock time: 01:02:59
Wall clock time efficiency: 4.4%
           Job queued time: 00:19:59
