
The following have been reloaded with a version change:
  1) XZ/5.4.2-GCCcore-12.3.0 => XZ/5.4.4-GCCcore-13.2.0
  2) bzip2/1.0.8-GCCcore-12.3.0 => bzip2/1.0.8-GCCcore-13.2.0

Starting GS2...
Starting GS2 run in directory: beta_0.01400 with beta = 0.01400
 Created by GS2 at 2026-04-21T10:07:06.878Z+01:00
 GS2 version: 8.2.1
 Run UUID: 37543117-5838-4138-AD23-420A43542501
 GK_SYSTEM: viking
 Compiler: gfortran
 Build tag: None

Running on 2 processors 


 Initialization             39.641 min   59.5 %
(field matrix invert         5.731 min    8.6 %)
(field matrix invert mpi     0.013 min    0.0 %)
(field matrix dump           0.000 min    0.0 %)
(field matrix read           0.000 min    0.0 %)
 Advance steps              26.954 min   40.5 %
(field solve                 4.878 min    7.3 %)
(field solve mpi             0.484 min    0.7 %)
(collisions                 29.036 min   43.6 %)
(collisions mpi              0.000 min    0.0 %)
(explicit/nl                 0.000 min    0.0 %)
(explicit/nl mpi             0.000 min    0.0 %)
(explicit/nl fft             0.000 min    0.0 %)
(explicit/nl fields          0.000 min    0.0 %)
(diagnostics                 0.002 min    0.0 %)
 Re-initialize               0.000 min    0.0 %
 Redistribute                7.469 min   11.2 %
(redistribute mpi            0.000 min    0.0 %)
(redistribute copy           7.469 min   11.2 %)
 Finishing                   0.001 min    0.0 %
 MPI                         1.254 min    1.9 %
(Overheads                   0.000 min    0.0 %)
(Collectives                 1.254 min    1.9 %)
(PTP                         0.000 min    0.0 %)
(Sync                        0.000 min    0.0 %)
 total from timer is:    66.60 min

Run finished at 2026-04-21T11:13:42.928Z+01:00
Run complete. Outputs saved in beta_0.01400/

============================
 Job utilisation efficiency
============================

Job ID: 33198369
Cluster: viking2.yor.alces.network
User/Group: qcd511/clusterusers
State: COMPLETED (exit code 0)
Nodes: 1
Cores per node: 2
CPU Utilized: 02:12:36
CPU Efficiency: 99.47% of 02:13:18 core-walltime
Job Wall-clock time: 01:06:39
Memory Utilized: 6.07 GB
Memory Efficiency: 4.75% of 128.00 GB
 Requested wall clock time: 1-00:00:00
    Actual wall clock time: 01:06:39
Wall clock time efficiency: 4.6%
           Job queued time: 00:21:17
