
The following have been reloaded with a version change:
  1) XZ/5.4.2-GCCcore-12.3.0 => XZ/5.4.4-GCCcore-13.2.0
  2) bzip2/1.0.8-GCCcore-12.3.0 => bzip2/1.0.8-GCCcore-13.2.0

Starting GS2...
Starting GS2 run in directory: beta_0.01000 with beta = 0.01000
 Created by GS2 at 2026-04-21T09:45:25.537Z+01:00
 GS2 version: 8.2.1
 Run UUID: 23527039-2B0F-491B-A370-4957195A6669
 GK_SYSTEM: viking
 Compiler: gfortran
 Build tag: None

Running on 2 processors 


 Initialization             34.519 min   57.3 %
(field matrix invert         6.107 min   10.1 %)
(field matrix invert mpi     0.010 min    0.0 %)
(field matrix dump           0.000 min    0.0 %)
(field matrix read           0.000 min    0.0 %)
 Advance steps              25.718 min   42.7 %
(field solve                 4.133 min    6.9 %)
(field solve mpi             0.150 min    0.2 %)
(collisions                 23.844 min   39.6 %)
(collisions mpi              0.000 min    0.0 %)
(explicit/nl                 0.000 min    0.0 %)
(explicit/nl mpi             0.000 min    0.0 %)
(explicit/nl fft             0.000 min    0.0 %)
(explicit/nl fields          0.000 min    0.0 %)
(diagnostics                 0.002 min    0.0 %)
 Re-initialize               0.000 min    0.0 %
 Redistribute                5.615 min    9.3 %
(redistribute mpi            0.000 min    0.0 %)
(redistribute copy           5.615 min    9.3 %)
 Finishing                   0.001 min    0.0 %
 MPI                         0.475 min    0.8 %
(Overheads                   0.000 min    0.0 %)
(Collectives                 0.475 min    0.8 %)
(PTP                         0.000 min    0.0 %)
(Sync                        0.000 min    0.0 %)
 total from timer is:    60.24 min

Run finished at 2026-04-21T10:45:40.109Z+01:00
Run complete. Outputs saved in beta_0.01000/

============================
 Job utilisation efficiency
============================

Job ID: 33198345
Cluster: viking2.yor.alces.network
User/Group: qcd511/clusterusers
State: COMPLETED (exit code 0)
Nodes: 1
Cores per node: 2
CPU Utilized: 01:59:51
CPU Efficiency: 99.35% of 02:00:38 core-walltime
Job Wall-clock time: 01:00:19
Memory Utilized: 6.08 GB
Memory Efficiency: 4.75% of 128.00 GB
 Requested wall clock time: 1-00:00:00
    Actual wall clock time: 01:00:19
Wall clock time efficiency: 4.2%
           Job queued time: 00:00:17
