
The following have been reloaded with a version change:
  1) XZ/5.4.2-GCCcore-12.3.0 => XZ/5.4.4-GCCcore-13.2.0
  2) bzip2/1.0.8-GCCcore-12.3.0 => bzip2/1.0.8-GCCcore-13.2.0

Starting GS2...
Starting GS2 run in directory: beta_0.01200 with beta = 0.01200
 Created by GS2 at 2026-04-21T10:04:05.095Z+01:00
 GS2 version: 8.2.1
 Run UUID: 46001F52-2717-407B-B908-463F201B3A2A
 GK_SYSTEM: viking
 Compiler: gfortran
 Build tag: None

Running on 2 processors 


 Initialization             37.963 min   57.4 %
(field matrix invert         5.378 min    8.1 %)
(field matrix invert mpi     0.011 min    0.0 %)
(field matrix dump           0.000 min    0.0 %)
(field matrix read           0.000 min    0.0 %)
 Advance steps              28.134 min   42.6 %
(field solve                 4.965 min    7.5 %)
(field solve mpi             0.135 min    0.2 %)
(collisions                 29.325 min   44.4 %)
(collisions mpi              0.000 min    0.0 %)
(explicit/nl                 0.000 min    0.0 %)
(explicit/nl mpi             0.000 min    0.0 %)
(explicit/nl fft             0.000 min    0.0 %)
(explicit/nl fields          0.000 min    0.0 %)
(diagnostics                 0.002 min    0.0 %)
 Re-initialize               0.000 min    0.0 %
 Redistribute                7.556 min   11.4 %
(redistribute mpi            0.000 min    0.0 %)
(redistribute copy           7.556 min   11.4 %)
 Finishing                   0.001 min    0.0 %
 MPI                         0.944 min    1.4 %
(Overheads                   0.000 min    0.0 %)
(Collectives                 0.944 min    1.4 %)
(PTP                         0.000 min    0.0 %)
(Sync                        0.000 min    0.0 %)
 total from timer is:    66.10 min

Run finished at 2026-04-21T11:10:11.206Z+01:00
Run complete. Outputs saved in beta_0.01200/

============================
 Job utilisation efficiency
============================

Job ID: 33198357
Cluster: viking2.yor.alces.network
User/Group: qcd511/clusterusers
State: COMPLETED (exit code 0)
Nodes: 1
Cores per node: 2
CPU Utilized: 02:11:43
CPU Efficiency: 99.53% of 02:12:20 core-walltime
Job Wall-clock time: 01:06:10
Memory Utilized: 6.08 GB
Memory Efficiency: 4.75% of 128.00 GB
 Requested wall clock time: 1-00:00:00
    Actual wall clock time: 01:06:10
Wall clock time efficiency: 4.6%
           Job queued time: 00:18:28
