
The following have been reloaded with a version change:
  1) XZ/5.4.2-GCCcore-12.3.0 => XZ/5.4.4-GCCcore-13.2.0
  2) bzip2/1.0.8-GCCcore-12.3.0 => bzip2/1.0.8-GCCcore-13.2.0

Starting GS2...
Starting GS2 run in directory: beta_0.01800 with beta = 0.01800
 Created by GS2 at 2026-04-21T13:58:50.869Z+01:00
 GS2 version: 8.2.1
 Run UUID: 484F087A-5807-494A-8B47-6B60572F5025
 GK_SYSTEM: viking
 Compiler: gfortran
 Build tag: None

Running on 4 processors 


 Initialization             21.265 min   58.0 %
(field matrix invert         5.229 min   14.3 %)
(field matrix invert mpi     0.019 min    0.1 %)
(field matrix dump           0.000 min    0.0 %)
(field matrix read           0.000 min    0.0 %)
 Advance steps              15.388 min   42.0 %
(field solve                 3.425 min    9.3 %)
(field solve mpi             0.163 min    0.4 %)
(collisions                 14.658 min   40.0 %)
(collisions mpi              0.783 min    2.1 %)
(explicit/nl                 0.000 min    0.0 %)
(explicit/nl mpi             0.000 min    0.0 %)
(explicit/nl fft             0.000 min    0.0 %)
(explicit/nl fields          0.000 min    0.0 %)
(diagnostics                 0.002 min    0.0 %)
 Re-initialize               0.000 min    0.0 %
 Redistribute                3.865 min   10.5 %
(redistribute mpi            0.783 min    2.1 %)
(redistribute copy           3.081 min    8.4 %)
 Finishing                   0.001 min    0.0 %
 MPI                         1.402 min    3.8 %
(Overheads                   0.000 min    0.0 %)
(Collectives                 0.618 min    1.7 %)
(PTP                         0.004 min    0.0 %)
(Sync                        0.780 min    2.1 %)
 total from timer is:    36.66 min

Run finished at 2026-04-21T14:35:30.396Z+01:00
Run complete. Outputs saved in beta_0.01800/

============================
 Job utilisation efficiency
============================

Job ID: 33200142
Cluster: viking2.yor.alces.network
User/Group: qcd511/clusterusers
State: COMPLETED (exit code 0)
Nodes: 1
Cores per node: 4
CPU Utilized: 02:26:05
CPU Efficiency: 99.47% of 02:26:52 core-walltime
Job Wall-clock time: 00:36:43
Memory Utilized: 8.85 GB
Memory Efficiency: 6.92% of 128.00 GB
 Requested wall clock time: 1-00:00:00
    Actual wall clock time: 00:36:43
Wall clock time efficiency: 2.5%
           Job queued time: 00:34:21
