
The following have been reloaded with a version change:
  1) XZ/5.4.2-GCCcore-12.3.0 => XZ/5.4.4-GCCcore-13.2.0
  2) bzip2/1.0.8-GCCcore-12.3.0 => bzip2/1.0.8-GCCcore-13.2.0

Starting GS2...
Starting GS2 run in directory: beta_0.01200 with beta = 0.01200
 Created by GS2 at 2026-04-21T13:23:52.362Z+01:00
 GS2 version: 8.2.1
 Run UUID: 7A0A0416-763A-497D-8B1B-5F751B5A1554
 GK_SYSTEM: viking
 Compiler: gfortran
 Build tag: None

Running on 4 processors 


 Initialization             22.118 min   58.0 %
(field matrix invert         5.501 min   14.4 %)
(field matrix invert mpi     0.020 min    0.1 %)
(field matrix dump           0.000 min    0.0 %)
(field matrix read           0.000 min    0.0 %)
 Advance steps              16.021 min   42.0 %
(field solve                 3.613 min    9.5 %)
(field solve mpi             0.658 min    1.7 %)
(collisions                 15.333 min   40.2 %)
(collisions mpi              0.963 min    2.5 %)
(explicit/nl                 0.000 min    0.0 %)
(explicit/nl mpi             0.000 min    0.0 %)
(explicit/nl fft             0.000 min    0.0 %)
(explicit/nl fields          0.000 min    0.0 %)
(diagnostics                 0.002 min    0.0 %)
 Re-initialize               0.000 min    0.0 %
 Redistribute                4.098 min   10.7 %
(redistribute mpi            0.964 min    2.5 %)
(redistribute copy           3.134 min    8.2 %)
 Finishing                   0.001 min    0.0 %
 MPI                         2.089 min    5.5 %
(Overheads                   0.000 min    0.0 %)
(Collectives                 1.125 min    2.9 %)
(PTP                         0.004 min    0.0 %)
(Sync                        0.960 min    2.5 %)
 total from timer is:    38.14 min

Run finished at 2026-04-21T14:02:00.943Z+01:00
Run complete. Outputs saved in beta_0.01200/

============================
 Job utilisation efficiency
============================

Job ID: 33200116
Cluster: viking2.yor.alces.network
User/Group: qcd511/clusterusers
State: COMPLETED (exit code 0)
Nodes: 1
Cores per node: 4
CPU Utilized: 02:31:55
CPU Efficiency: 99.42% of 02:32:48 core-walltime
Job Wall-clock time: 00:38:12
Memory Utilized: 8.88 GB
Memory Efficiency: 6.94% of 128.00 GB
 Requested wall clock time: 1-00:00:00
    Actual wall clock time: 00:38:12
Wall clock time efficiency: 2.7%
           Job queued time: 00:00:07
