
The following have been reloaded with a version change:
  1) XZ/5.4.2-GCCcore-12.3.0 => XZ/5.4.4-GCCcore-13.2.0
  2) bzip2/1.0.8-GCCcore-12.3.0 => bzip2/1.0.8-GCCcore-13.2.0

Starting GS2...
Starting GS2 run in directory: beta_0.01400 with beta = 0.01400
 Created by GS2 at 2026-04-21T09:45:24.953Z+01:00
 GS2 version: 8.2.1
 Run UUID: 36691367-1958-4645-AD6E-6720701D4706
 GK_SYSTEM: viking
 Compiler: gfortran
 Build tag: None

Running on 2 processors 


 Initialization             27.945 min   58.0 %
(field matrix invert         5.220 min   10.8 %)
(field matrix invert mpi     0.007 min    0.0 %)
(field matrix dump           0.000 min    0.0 %)
(field matrix read           0.000 min    0.0 %)
 Advance steps              20.268 min   42.0 %
(field solve                 2.658 min    5.5 %)
(field solve mpi             0.173 min    0.4 %)
(collisions                 17.993 min   37.3 %)
(collisions mpi              0.000 min    0.0 %)
(explicit/nl                 0.000 min    0.0 %)
(explicit/nl mpi             0.000 min    0.0 %)
(explicit/nl fft             0.000 min    0.0 %)
(explicit/nl fields          0.000 min    0.0 %)
(diagnostics                 0.001 min    0.0 %)
 Re-initialize               0.000 min    0.0 %
 Redistribute                4.002 min    8.3 %
(redistribute mpi            0.000 min    0.0 %)
(redistribute copy           4.002 min    8.3 %)
 Finishing                   0.001 min    0.0 %
 MPI                         0.894 min    1.9 %
(Overheads                   0.000 min    0.0 %)
(Collectives                 0.894 min    1.9 %)
(PTP                         0.000 min    0.0 %)
(Sync                        0.000 min    0.0 %)
 total from timer is:    48.22 min

Run finished at 2026-04-21T10:33:38.049Z+01:00
Run complete. Outputs saved in beta_0.01400/

============================
 Job utilisation efficiency
============================

Job ID: 33198347
Cluster: viking2.yor.alces.network
User/Group: qcd511/clusterusers
State: COMPLETED (exit code 0)
Nodes: 1
Cores per node: 2
CPU Utilized: 01:36:02
CPU Efficiency: 99.45% of 01:36:34 core-walltime
Job Wall-clock time: 00:48:17
Memory Utilized: 6.05 GB
Memory Efficiency: 4.73% of 128.00 GB
 Requested wall clock time: 1-00:00:00
    Actual wall clock time: 00:48:17
Wall clock time efficiency: 3.4%
           Job queued time: 00:00:16
