
The following have been reloaded with a version change:
  1) XZ/5.4.2-GCCcore-12.3.0 => XZ/5.4.4-GCCcore-13.2.0
  2) bzip2/1.0.8-GCCcore-12.3.0 => bzip2/1.0.8-GCCcore-13.2.0

Starting GS2...
Starting GS2 run in directory: beta_0.02000 with beta = 0.02000
 Created by GS2 at 2026-04-21T13:23:52.549Z+01:00
 GS2 version: 8.2.1
 Run UUID: 34642539-4E5C-4005-A72B-70332937243F
 GK_SYSTEM: viking
 Compiler: gfortran
 Build tag: None

Running on 4 processors 


 Initialization             34.676 min   54.0 %
(field matrix invert         5.483 min    8.5 %)
(field matrix invert mpi     0.033 min    0.1 %)
(field matrix dump           0.000 min    0.0 %)
(field matrix read           0.000 min    0.0 %)
 Advance steps              29.497 min   46.0 %
(field solve                 8.058 min   12.6 %)
(field solve mpi             4.074 min    6.3 %)
(collisions                 33.856 min   52.8 %)
(collisions mpi             15.076 min   23.5 %)
(explicit/nl                 0.000 min    0.0 %)
(explicit/nl mpi             0.000 min    0.0 %)
(explicit/nl fft             0.000 min    0.0 %)
(explicit/nl fields          0.000 min    0.0 %)
(diagnostics                 0.003 min    0.0 %)
 Re-initialize               0.000 min    0.0 %
 Redistribute               19.146 min   29.8 %
(redistribute mpi           15.079 min   23.5 %)
(redistribute copy           4.068 min    6.3 %)
 Finishing                   0.001 min    0.0 %
 MPI                        21.740 min   33.9 %
(Overheads                   0.000 min    0.0 %)
(Collectives                 6.661 min   10.4 %)
(PTP                         0.005 min    0.0 %)
(Sync                       15.074 min   23.5 %)
 total from timer is:    64.18 min

Run finished at 2026-04-21T14:28:03.265Z+01:00
Run complete. Outputs saved in beta_0.02000/

============================
 Job utilisation efficiency
============================

Job ID: 33200115
Cluster: viking2.yor.alces.network
User/Group: qcd511/clusterusers
State: COMPLETED (exit code 0)
Nodes: 1
Cores per node: 4
CPU Utilized: 04:15:37
CPU Efficiency: 99.49% of 04:16:56 core-walltime
Job Wall-clock time: 01:04:14
Memory Utilized: 8.85 GB
Memory Efficiency: 6.92% of 128.00 GB
 Requested wall clock time: 1-00:00:00
    Actual wall clock time: 01:04:14
Wall clock time efficiency: 4.5%
           Job queued time: 00:00:18
