
The following have been reloaded with a version change:
  1) XZ/5.4.2-GCCcore-12.3.0 => XZ/5.4.4-GCCcore-13.2.0
  2) bzip2/1.0.8-GCCcore-12.3.0 => bzip2/1.0.8-GCCcore-13.2.0

Starting GS2...
Starting GS2 run in directory: beta_0.01000 with beta = 0.01000
 Created by GS2 at 2026-04-21T10:10:40.578Z+01:00
 GS2 version: 8.2.1
 Run UUID: 5D0C4674-0B44-493C-9564-4B302B087D3A
 GK_SYSTEM: viking
 Compiler: gfortran
 Build tag: None

Running on 2 processors 


 Initialization             39.991 min   54.9 %
(field matrix invert         5.749 min    7.9 %)
(field matrix invert mpi     0.014 min    0.0 %)
(field matrix dump           0.000 min    0.0 %)
(field matrix read           0.000 min    0.0 %)
 Advance steps              32.783 min   45.0 %
(field solve                 5.934 min    8.2 %)
(field solve mpi             0.127 min    0.2 %)
(collisions                 32.648 min   44.9 %)
(collisions mpi              0.000 min    0.0 %)
(explicit/nl                 0.000 min    0.0 %)
(explicit/nl mpi             0.000 min    0.0 %)
(explicit/nl fft             0.000 min    0.0 %)
(explicit/nl fields          0.000 min    0.0 %)
(diagnostics                 0.002 min    0.0 %)
 Re-initialize               0.000 min    0.0 %
 Redistribute                8.358 min   11.5 %
(redistribute mpi            0.000 min    0.0 %)
(redistribute copy           8.358 min   11.5 %)
 Finishing                   0.001 min    0.0 %
 MPI                         0.274 min    0.4 %
(Overheads                   0.000 min    0.0 %)
(Collectives                 0.274 min    0.4 %)
(PTP                         0.000 min    0.0 %)
(Sync                        0.000 min    0.0 %)
 total from timer is:    72.79 min

Run finished at 2026-04-21T11:23:27.969Z+01:00
Run complete. Outputs saved in beta_0.01000/

============================
 Job utilisation efficiency
============================

Job ID: 33198378
Cluster: viking2.yor.alces.network
User/Group: qcd511/clusterusers
State: COMPLETED (exit code 0)
Nodes: 1
Cores per node: 2
CPU Utilized: 02:24:58
CPU Efficiency: 98.08% of 02:27:48 core-walltime
Job Wall-clock time: 01:13:54
Memory Utilized: 6.07 GB
Memory Efficiency: 4.74% of 128.00 GB
 Requested wall clock time: 1-00:00:00
    Actual wall clock time: 01:13:54
Wall clock time efficiency: 5.1%
           Job queued time: 00:23:35
