
The following have been reloaded with a version change:
  1) XZ/5.4.2-GCCcore-12.3.0 => XZ/5.4.4-GCCcore-13.2.0
  2) bzip2/1.0.8-GCCcore-12.3.0 => bzip2/1.0.8-GCCcore-13.2.0

Starting GS2...
Starting GS2 run in directory: beta_0.00600 with beta = 0.00600
 Created by GS2 at 2026-04-21T10:03:35.280Z+01:00
 GS2 version: 8.2.1
 Run UUID: 4D2E3320-616A-4961-B921-2C6C1873313C
 GK_SYSTEM: viking
 Compiler: gfortran
 Build tag: None

Running on 2 processors 


 Initialization             33.574 min   56.4 %
(field matrix invert         5.638 min    9.5 %)
(field matrix invert mpi     0.042 min    0.1 %)
(field matrix dump           0.000 min    0.0 %)
(field matrix read           0.000 min    0.0 %)
 Advance steps              25.994 min   43.6 %
(field solve                 4.233 min    7.1 %)
(field solve mpi             0.153 min    0.3 %)
(collisions                 23.875 min   40.1 %)
(collisions mpi              0.000 min    0.0 %)
(explicit/nl                 0.000 min    0.0 %)
(explicit/nl mpi             0.000 min    0.0 %)
(explicit/nl fft             0.000 min    0.0 %)
(explicit/nl fields          0.000 min    0.0 %)
(diagnostics                 0.002 min    0.0 %)
 Re-initialize               0.000 min    0.0 %
 Redistribute                6.030 min   10.1 %
(redistribute mpi            0.000 min    0.0 %)
(redistribute copy           6.030 min   10.1 %)
 Finishing                   0.001 min    0.0 %
 MPI                         0.887 min    1.5 %
(Overheads                   0.000 min    0.0 %)
(Collectives                 0.887 min    1.5 %)
(PTP                         0.000 min    0.0 %)
(Sync                        0.000 min    0.0 %)
 total from timer is:    59.57 min

Run finished at 2026-04-21T11:03:09.657Z+01:00
Run complete. Outputs saved in beta_0.00600/

============================
 Job utilisation efficiency
============================

Job ID: 33198354
Cluster: viking2.yor.alces.network
User/Group: qcd511/clusterusers
State: COMPLETED (exit code 0)
Nodes: 1
Cores per node: 2
CPU Utilized: 01:57:50
CPU Efficiency: 98.80% of 01:59:16 core-walltime
Job Wall-clock time: 00:59:38
Memory Utilized: 6.07 GB
Memory Efficiency: 4.74% of 128.00 GB
 Requested wall clock time: 1-00:00:00
    Actual wall clock time: 00:59:38
Wall clock time efficiency: 4.1%
           Job queued time: 00:17:59
